
         /\      Grafana   /‾‾/  
    /\  /  \     |\  __   /  /   
   /  \/    \    | |/ /  /   ‾‾\ 
  /          \   |   (  |  (‾)  |
 / __________ \  |_|\_\  \_____/ 


     execution: local
        script: C:\Users\Duy\Desktop\automation-testing-hw04\out\23127179_Spike_20260817_evidence\20260817t134816776\23127179_Spike_20260817.js
        output: json (C:\Users\Duy\Desktop\automation-testing-hw04\out\23127179_Spike_20260817_evidence\20260817t134816776\raw-results.ndjson), csv (C:\Users\Duy\Desktop\automation-testing-hw04\out\23127179_Spike_20260817_evidence\20260817t134816776\spike-metrics.csv)

     scenarios: (100.00%) 1 scenario, 32 max VUs, 4m17s max duration (incl. graceful stop):
              * spike: Up to 32 looping VUs for 3m47s over 6 stages (gracefulRampDown: 30s, gracefulStop: 30s)


running (0m00.9s), 04/32 VUs, 0 complete and 0 interrupted iterations
spike   [   0% ] 04/32 VUs  0m00.9s/3m47.0s

running (0m01.9s), 04/32 VUs, 0 complete and 0 interrupted iterations
spike   [   1% ] 04/32 VUs  0m01.9s/3m47.0s

running (0m02.9s), 04/32 VUs, 0 complete and 0 interrupted iterations
spike   [   1% ] 04/32 VUs  0m02.9s/3m47.0s

running (0m03.9s), 04/32 VUs, 0 complete and 0 interrupted iterations
spike   [   2% ] 04/32 VUs  0m03.9s/3m47.0s

running (0m04.9s), 04/32 VUs, 0 complete and 0 interrupted iterations
spike   [   2% ] 04/32 VUs  0m04.9s/3m47.0s

running (0m05.9s), 04/32 VUs, 0 complete and 0 interrupted iterations
spike   [   3% ] 04/32 VUs  0m05.9s/3m47.0s

running (0m06.9s), 04/32 VUs, 0 complete and 0 interrupted iterations
spike   [   3% ] 04/32 VUs  0m06.9s/3m47.0s

running (0m07.9s), 04/32 VUs, 0 complete and 0 interrupted iterations
spike   [   3% ] 04/32 VUs  0m07.9s/3m47.0s

running (0m08.9s), 04/32 VUs, 0 complete and 0 interrupted iterations
spike   [   4% ] 04/32 VUs  0m08.9s/3m47.0s

running (0m09.9s), 04/32 VUs, 0 complete and 0 interrupted iterations
spike   [   4% ] 04/32 VUs  0m09.9s/3m47.0s

running (0m10.9s), 04/32 VUs, 0 complete and 0 interrupted iterations
spike   [   5% ] 04/32 VUs  0m10.9s/3m47.0s

running (0m11.9s), 04/32 VUs, 0 complete and 0 interrupted iterations
spike   [   5% ] 04/32 VUs  0m11.9s/3m47.0s

running (0m12.9s), 04/32 VUs, 0 complete and 0 interrupted iterations
spike   [   6% ] 04/32 VUs  0m12.9s/3m47.0s

running (0m13.9s), 04/32 VUs, 1 complete and 0 interrupted iterations
spike   [   6% ] 04/32 VUs  0m13.9s/3m47.0s

running (0m14.9s), 04/32 VUs, 2 complete and 0 interrupted iterations
spike   [   7% ] 04/32 VUs  0m14.9s/3m47.0s

running (0m15.9s), 04/32 VUs, 3 complete and 0 interrupted iterations
spike   [   7% ] 04/32 VUs  0m15.9s/3m47.0s

running (0m16.9s), 04/32 VUs, 4 complete and 0 interrupted iterations
spike   [   7% ] 04/32 VUs  0m16.9s/3m47.0s

running (0m17.9s), 04/32 VUs, 4 complete and 0 interrupted iterations
spike   [   8% ] 04/32 VUs  0m17.9s/3m47.0s

running (0m18.9s), 04/32 VUs, 4 complete and 0 interrupted iterations
spike   [   8% ] 04/32 VUs  0m18.9s/3m47.0s

running (0m19.9s), 04/32 VUs, 4 complete and 0 interrupted iterations
spike   [   9% ] 04/32 VUs  0m19.9s/3m47.0s

running (0m20.9s), 04/32 VUs, 4 complete and 0 interrupted iterations
spike   [   9% ] 04/32 VUs  0m20.9s/3m47.0s

running (0m21.9s), 04/32 VUs, 4 complete and 0 interrupted iterations
spike   [  10% ] 04/32 VUs  0m21.9s/3m47.0s

running (0m22.9s), 04/32 VUs, 4 complete and 0 interrupted iterations
spike   [  10% ] 04/32 VUs  0m22.9s/3m47.0s

running (0m23.9s), 04/32 VUs, 4 complete and 0 interrupted iterations
spike   [  11% ] 04/32 VUs  0m23.9s/3m47.0s

running (0m24.9s), 04/32 VUs, 4 complete and 0 interrupted iterations
spike   [  11% ] 04/32 VUs  0m24.9s/3m47.0s

running (0m25.9s), 04/32 VUs, 4 complete and 0 interrupted iterations
spike   [  11% ] 04/32 VUs  0m25.9s/3m47.0s

running (0m26.9s), 04/32 VUs, 4 complete and 0 interrupted iterations
spike   [  12% ] 04/32 VUs  0m26.9s/3m47.0s

running (0m27.9s), 04/32 VUs, 4 complete and 0 interrupted iterations
spike   [  12% ] 04/32 VUs  0m27.9s/3m47.0s

running (0m28.9s), 04/32 VUs, 5 complete and 0 interrupted iterations
spike   [  13% ] 04/32 VUs  0m28.9s/3m47.0s

running (0m29.9s), 04/32 VUs, 8 complete and 0 interrupted iterations
spike   [  13% ] 04/32 VUs  0m29.9s/3m47.0s

running (0m30.9s), 04/32 VUs, 8 complete and 0 interrupted iterations
spike   [  14% ] 04/32 VUs  0m30.9s/3m47.0s

running (0m31.9s), 04/32 VUs, 8 complete and 0 interrupted iterations
spike   [  14% ] 04/32 VUs  0m31.9s/3m47.0s

running (0m32.9s), 04/32 VUs, 8 complete and 0 interrupted iterations
spike   [  15% ] 04/32 VUs  0m32.9s/3m47.0s

running (0m33.9s), 04/32 VUs, 8 complete and 0 interrupted iterations
spike   [  15% ] 04/32 VUs  0m33.9s/3m47.0s

running (0m34.9s), 04/32 VUs, 8 complete and 0 interrupted iterations
spike   [  15% ] 04/32 VUs  0m34.9s/3m47.0s

running (0m35.9s), 04/32 VUs, 8 complete and 0 interrupted iterations
spike   [  16% ] 04/32 VUs  0m35.9s/3m47.0s

running (0m36.9s), 04/32 VUs, 8 complete and 0 interrupted iterations
spike   [  16% ] 04/32 VUs  0m36.9s/3m47.0s

running (0m37.9s), 04/32 VUs, 8 complete and 0 interrupted iterations
spike   [  17% ] 04/32 VUs  0m37.9s/3m47.0s

running (0m38.9s), 04/32 VUs, 8 complete and 0 interrupted iterations
spike   [  17% ] 04/32 VUs  0m38.9s/3m47.0s

running (0m39.9s), 04/32 VUs, 8 complete and 0 interrupted iterations
spike   [  18% ] 04/32 VUs  0m39.9s/3m47.0s

running (0m40.9s), 04/32 VUs, 8 complete and 0 interrupted iterations
spike   [  18% ] 04/32 VUs  0m40.9s/3m47.0s

running (0m41.9s), 04/32 VUs, 9 complete and 0 interrupted iterations
spike   [  18% ] 04/32 VUs  0m41.9s/3m47.0s

running (0m42.9s), 04/32 VUs, 12 complete and 0 interrupted iterations
spike   [  19% ] 04/32 VUs  0m42.9s/3m47.0s

running (0m43.9s), 04/32 VUs, 12 complete and 0 interrupted iterations
spike   [  19% ] 04/32 VUs  0m43.9s/3m47.0s

running (0m44.9s), 04/32 VUs, 12 complete and 0 interrupted iterations
spike   [  20% ] 04/32 VUs  0m44.9s/3m47.0s

running (0m45.9s), 04/32 VUs, 12 complete and 0 interrupted iterations
spike   [  20% ] 04/32 VUs  0m45.9s/3m47.0s

running (0m46.9s), 04/32 VUs, 12 complete and 0 interrupted iterations
spike   [  21% ] 04/32 VUs  0m46.9s/3m47.0s

running (0m47.9s), 04/32 VUs, 12 complete and 0 interrupted iterations
spike   [  21% ] 04/32 VUs  0m47.9s/3m47.0s

running (0m48.9s), 04/32 VUs, 12 complete and 0 interrupted iterations
spike   [  22% ] 04/32 VUs  0m48.9s/3m47.0s

running (0m49.9s), 04/32 VUs, 12 complete and 0 interrupted iterations
spike   [  22% ] 04/32 VUs  0m49.9s/3m47.0s

running (0m50.9s), 04/32 VUs, 12 complete and 0 interrupted iterations
spike   [  22% ] 04/32 VUs  0m50.9s/3m47.0s

running (0m51.9s), 04/32 VUs, 12 complete and 0 interrupted iterations
spike   [  23% ] 04/32 VUs  0m51.9s/3m47.0s

running (0m52.9s), 04/32 VUs, 13 complete and 0 interrupted iterations
spike   [  23% ] 04/32 VUs  0m52.9s/3m47.0s

running (0m53.9s), 04/32 VUs, 13 complete and 0 interrupted iterations
spike   [  24% ] 04/32 VUs  0m53.9s/3m47.0s

running (0m54.9s), 04/32 VUs, 13 complete and 0 interrupted iterations
spike   [  24% ] 04/32 VUs  0m54.9s/3m47.0s

running (0m55.9s), 04/32 VUs, 15 complete and 0 interrupted iterations
spike   [  25% ] 04/32 VUs  0m55.9s/3m47.0s

running (0m56.9s), 04/32 VUs, 16 complete and 0 interrupted iterations
spike   [  25% ] 04/32 VUs  0m56.9s/3m47.0s

running (0m57.9s), 04/32 VUs, 16 complete and 0 interrupted iterations
spike   [  26% ] 04/32 VUs  0m57.9s/3m47.0s

running (0m58.9s), 04/32 VUs, 16 complete and 0 interrupted iterations
spike   [  26% ] 04/32 VUs  0m58.9s/3m47.0s

running (0m59.9s), 04/32 VUs, 16 complete and 0 interrupted iterations
spike   [  26% ] 04/32 VUs  0m59.9s/3m47.0s

running (1m00.9s), 30/32 VUs, 16 complete and 0 interrupted iterations
spike   [  27% ] 30/32 VUs  1m00.9s/3m47.0s

running (1m01.9s), 32/32 VUs, 16 complete and 0 interrupted iterations
spike   [  27% ] 32/32 VUs  1m01.9s/3m47.0s

running (1m02.9s), 32/32 VUs, 16 complete and 0 interrupted iterations
spike   [  28% ] 32/32 VUs  1m02.9s/3m47.0s

running (1m03.9s), 32/32 VUs, 16 complete and 0 interrupted iterations
spike   [  28% ] 32/32 VUs  1m03.9s/3m47.0s

running (1m04.9s), 32/32 VUs, 16 complete and 0 interrupted iterations
spike   [  29% ] 32/32 VUs  1m04.9s/3m47.0s

running (1m05.9s), 32/32 VUs, 16 complete and 0 interrupted iterations
spike   [  29% ] 32/32 VUs  1m05.9s/3m47.0s

running (1m06.9s), 32/32 VUs, 17 complete and 0 interrupted iterations
spike   [  29% ] 32/32 VUs  1m06.9s/3m47.0s

running (1m07.9s), 32/32 VUs, 17 complete and 0 interrupted iterations
spike   [  30% ] 32/32 VUs  1m07.9s/3m47.0s

running (1m08.9s), 32/32 VUs, 17 complete and 0 interrupted iterations
spike   [  30% ] 32/32 VUs  1m08.9s/3m47.0s

running (1m09.9s), 32/32 VUs, 18 complete and 0 interrupted iterations
spike   [  31% ] 32/32 VUs  1m09.9s/3m47.0s

running (1m10.9s), 32/32 VUs, 18 complete and 0 interrupted iterations
spike   [  31% ] 32/32 VUs  1m10.9s/3m47.0s

running (1m11.9s), 32/32 VUs, 22 complete and 0 interrupted iterations
spike   [  32% ] 32/32 VUs  1m11.9s/3m47.0s

running (1m12.9s), 32/32 VUs, 27 complete and 0 interrupted iterations
spike   [  32% ] 32/32 VUs  1m12.9s/3m47.0s

running (1m13.9s), 32/32 VUs, 35 complete and 0 interrupted iterations
spike   [  33% ] 32/32 VUs  1m13.9s/3m47.0s

running (1m14.9s), 32/32 VUs, 42 complete and 0 interrupted iterations
spike   [  33% ] 32/32 VUs  1m14.9s/3m47.0s

running (1m15.9s), 32/32 VUs, 45 complete and 0 interrupted iterations
spike   [  33% ] 32/32 VUs  1m15.9s/3m47.0s

running (1m16.9s), 32/32 VUs, 48 complete and 0 interrupted iterations
spike   [  34% ] 32/32 VUs  1m16.9s/3m47.0s

running (1m17.9s), 32/32 VUs, 48 complete and 0 interrupted iterations
spike   [  34% ] 32/32 VUs  1m17.9s/3m47.0s

running (1m18.9s), 32/32 VUs, 48 complete and 0 interrupted iterations
spike   [  35% ] 32/32 VUs  1m18.9s/3m47.0s

running (1m19.9s), 32/32 VUs, 48 complete and 0 interrupted iterations
spike   [  35% ] 32/32 VUs  1m19.9s/3m47.0s

running (1m20.9s), 32/32 VUs, 49 complete and 0 interrupted iterations
spike   [  36% ] 32/32 VUs  1m20.9s/3m47.0s

running (1m21.9s), 32/32 VUs, 49 complete and 0 interrupted iterations
spike   [  36% ] 32/32 VUs  1m21.9s/3m47.0s

running (1m22.9s), 32/32 VUs, 49 complete and 0 interrupted iterations
spike   [  37% ] 32/32 VUs  1m22.9s/3m47.0s

running (1m23.9s), 32/32 VUs, 50 complete and 0 interrupted iterations
spike   [  37% ] 32/32 VUs  1m23.9s/3m47.0s

running (1m24.9s), 32/32 VUs, 53 complete and 0 interrupted iterations
spike   [  37% ] 32/32 VUs  1m24.9s/3m47.0s

running (1m25.9s), 32/32 VUs, 57 complete and 0 interrupted iterations
spike   [  38% ] 32/32 VUs  1m25.9s/3m47.0s

running (1m26.9s), 32/32 VUs, 64 complete and 0 interrupted iterations
spike   [  38% ] 32/32 VUs  1m26.9s/3m47.0s

running (1m27.9s), 32/32 VUs, 67 complete and 0 interrupted iterations
spike   [  39% ] 32/32 VUs  1m27.9s/3m47.0s

running (1m28.9s), 32/32 VUs, 76 complete and 0 interrupted iterations
spike   [  39% ] 32/32 VUs  1m28.9s/3m47.0s

running (1m29.9s), 32/32 VUs, 79 complete and 0 interrupted iterations
spike   [  40% ] 32/32 VUs  1m29.9s/3m47.0s

running (1m30.9s), 32/32 VUs, 80 complete and 0 interrupted iterations
spike   [  40% ] 32/32 VUs  1m30.9s/3m47.0s

running (1m31.9s), 32/32 VUs, 80 complete and 0 interrupted iterations
spike   [  41% ] 32/32 VUs  1m31.9s/3m47.0s

running (1m32.9s), 32/32 VUs, 80 complete and 0 interrupted iterations
spike   [  41% ] 32/32 VUs  1m32.9s/3m47.0s

running (1m33.9s), 32/32 VUs, 80 complete and 0 interrupted iterations
spike   [  41% ] 32/32 VUs  1m33.9s/3m47.0s

running (1m34.9s), 32/32 VUs, 81 complete and 0 interrupted iterations
spike   [  42% ] 32/32 VUs  1m34.9s/3m47.0s

running (1m35.9s), 32/32 VUs, 81 complete and 0 interrupted iterations
spike   [  42% ] 32/32 VUs  1m35.9s/3m47.0s

running (1m36.9s), 32/32 VUs, 81 complete and 0 interrupted iterations
spike   [  43% ] 32/32 VUs  1m36.9s/3m47.0s

running (1m37.9s), 32/32 VUs, 84 complete and 0 interrupted iterations
spike   [  43% ] 32/32 VUs  1m37.9s/3m47.0s

running (1m38.9s), 32/32 VUs, 86 complete and 0 interrupted iterations
spike   [  44% ] 32/32 VUs  1m38.9s/3m47.0s

running (1m39.9s), 32/32 VUs, 92 complete and 0 interrupted iterations
spike   [  44% ] 32/32 VUs  1m39.9s/3m47.0s

running (1m40.9s), 32/32 VUs, 95 complete and 0 interrupted iterations
spike   [  44% ] 32/32 VUs  1m40.9s/3m47.0s

running (1m41.9s), 32/32 VUs, 103 complete and 0 interrupted iterations
spike   [  45% ] 32/32 VUs  1m41.9s/3m47.0s

running (1m42.9s), 32/32 VUs, 107 complete and 0 interrupted iterations
spike   [  45% ] 32/32 VUs  1m42.9s/3m47.0s

running (1m43.9s), 32/32 VUs, 111 complete and 0 interrupted iterations
spike   [  46% ] 32/32 VUs  1m43.9s/3m47.0s

running (1m44.9s), 32/32 VUs, 112 complete and 0 interrupted iterations
spike   [  46% ] 32/32 VUs  1m44.9s/3m47.0s

running (1m45.9s), 32/32 VUs, 112 complete and 0 interrupted iterations
spike   [  47% ] 32/32 VUs  1m45.9s/3m47.0s

running (1m46.9s), 32/32 VUs, 112 complete and 0 interrupted iterations
spike   [  47% ] 32/32 VUs  1m46.9s/3m47.0s

running (1m47.9s), 32/32 VUs, 112 complete and 0 interrupted iterations
spike   [  48% ] 32/32 VUs  1m47.9s/3m47.0s

running (1m48.9s), 32/32 VUs, 112 complete and 0 interrupted iterations
spike   [  48% ] 32/32 VUs  1m48.9s/3m47.0s

running (1m49.9s), 32/32 VUs, 113 complete and 0 interrupted iterations
spike   [  48% ] 32/32 VUs  1m49.9s/3m47.0s

running (1m50.9s), 30/32 VUs, 116 complete and 0 interrupted iterations
spike   [  49% ] 30/32 VUs  1m50.9s/3m47.0s

running (1m51.9s), 26/32 VUs, 120 complete and 0 interrupted iterations
spike   [  49% ] 26/32 VUs  1m51.9s/3m47.0s

running (1m52.9s), 24/32 VUs, 122 complete and 0 interrupted iterations
spike   [  50% ] 24/32 VUs  1m52.9s/3m47.0s

running (1m53.9s), 20/32 VUs, 127 complete and 0 interrupted iterations
spike   [  50% ] 20/32 VUs  1m53.9s/3m47.0s

running (1m54.9s), 17/32 VUs, 131 complete and 0 interrupted iterations
spike   [  51% ] 17/32 VUs  1m54.9s/3m47.0s

running (1m55.9s), 10/32 VUs, 138 complete and 0 interrupted iterations
spike   [  51% ] 10/32 VUs  1m55.9s/3m47.0s

running (1m56.9s), 08/32 VUs, 140 complete and 0 interrupted iterations
spike   [  52% ] 08/32 VUs  1m56.9s/3m47.0s

running (1m57.9s), 05/32 VUs, 143 complete and 0 interrupted iterations
spike   [  52% ] 05/32 VUs  1m57.9s/3m47.0s

running (1m58.9s), 05/32 VUs, 143 complete and 0 interrupted iterations
spike   [  52% ] 05/32 VUs  1m58.9s/3m47.0s

running (1m59.9s), 04/32 VUs, 144 complete and 0 interrupted iterations
spike   [  53% ] 04/32 VUs  1m59.9s/3m47.0s

running (2m00.9s), 04/32 VUs, 144 complete and 0 interrupted iterations
spike   [  53% ] 04/32 VUs  2m00.9s/3m47.0s

running (2m01.9s), 04/32 VUs, 144 complete and 0 interrupted iterations
spike   [  54% ] 04/32 VUs  2m01.9s/3m47.0s

running (2m02.9s), 04/32 VUs, 145 complete and 0 interrupted iterations
spike   [  54% ] 04/32 VUs  2m02.9s/3m47.0s

running (2m03.9s), 04/32 VUs, 146 complete and 0 interrupted iterations
spike   [  55% ] 04/32 VUs  2m03.9s/3m47.0s

running (2m04.9s), 04/32 VUs, 146 complete and 0 interrupted iterations
spike   [  55% ] 04/32 VUs  2m04.9s/3m47.0s

running (2m05.9s), 04/32 VUs, 146 complete and 0 interrupted iterations
spike   [  55% ] 04/32 VUs  2m05.9s/3m47.0s

running (2m06.9s), 04/32 VUs, 146 complete and 0 interrupted iterations
spike   [  56% ] 04/32 VUs  2m06.9s/3m47.0s

running (2m07.9s), 04/32 VUs, 147 complete and 0 interrupted iterations
spike   [  56% ] 04/32 VUs  2m07.9s/3m47.0s

running (2m08.9s), 04/32 VUs, 148 complete and 0 interrupted iterations
spike   [  57% ] 04/32 VUs  2m08.9s/3m47.0s

running (2m09.9s), 04/32 VUs, 148 complete and 0 interrupted iterations
spike   [  57% ] 04/32 VUs  2m09.9s/3m47.0s

running (2m10.9s), 04/32 VUs, 148 complete and 0 interrupted iterations
spike   [  58% ] 04/32 VUs  2m10.9s/3m47.0s

running (2m11.9s), 04/32 VUs, 148 complete and 0 interrupted iterations
spike   [  58% ] 04/32 VUs  2m11.9s/3m47.0s

running (2m12.9s), 04/32 VUs, 148 complete and 0 interrupted iterations
spike   [  59% ] 04/32 VUs  2m12.9s/3m47.0s

running (2m13.9s), 04/32 VUs, 148 complete and 0 interrupted iterations
spike   [  59% ] 04/32 VUs  2m13.9s/3m47.0s

running (2m14.9s), 04/32 VUs, 149 complete and 0 interrupted iterations
spike   [  59% ] 04/32 VUs  2m14.9s/3m47.0s

running (2m15.9s), 04/32 VUs, 149 complete and 0 interrupted iterations
spike   [  60% ] 04/32 VUs  2m15.9s/3m47.0s

running (2m16.9s), 04/32 VUs, 149 complete and 0 interrupted iterations
spike   [  60% ] 04/32 VUs  2m16.9s/3m47.0s

running (2m17.9s), 04/32 VUs, 149 complete and 0 interrupted iterations
spike   [  61% ] 04/32 VUs  2m17.9s/3m47.0s

running (2m18.9s), 04/32 VUs, 150 complete and 0 interrupted iterations
spike   [  61% ] 04/32 VUs  2m18.9s/3m47.0s

running (2m19.9s), 04/32 VUs, 150 complete and 0 interrupted iterations
spike   [  62% ] 04/32 VUs  2m19.9s/3m47.0s

running (2m20.9s), 04/32 VUs, 151 complete and 0 interrupted iterations
spike   [  62% ] 04/32 VUs  2m20.9s/3m47.0s

running (2m21.9s), 04/32 VUs, 151 complete and 0 interrupted iterations
spike   [  63% ] 04/32 VUs  2m21.9s/3m47.0s

running (2m22.9s), 04/32 VUs, 152 complete and 0 interrupted iterations
spike   [  63% ] 04/32 VUs  2m22.9s/3m47.0s

running (2m23.9s), 04/32 VUs, 152 complete and 0 interrupted iterations
spike   [  63% ] 04/32 VUs  2m23.9s/3m47.0s

running (2m24.9s), 04/32 VUs, 152 complete and 0 interrupted iterations
spike   [  64% ] 04/32 VUs  2m24.9s/3m47.0s

running (2m25.9s), 04/32 VUs, 152 complete and 0 interrupted iterations
spike   [  64% ] 04/32 VUs  2m25.9s/3m47.0s

running (2m26.9s), 04/32 VUs, 152 complete and 0 interrupted iterations
spike   [  65% ] 04/32 VUs  2m26.9s/3m47.0s

running (2m27.9s), 04/32 VUs, 153 complete and 0 interrupted iterations
spike   [  65% ] 04/32 VUs  2m27.9s/3m47.0s

running (2m28.9s), 04/32 VUs, 153 complete and 0 interrupted iterations
spike   [  66% ] 04/32 VUs  2m28.9s/3m47.0s

running (2m29.9s), 04/32 VUs, 153 complete and 0 interrupted iterations
spike   [  66% ] 04/32 VUs  2m29.9s/3m47.0s

running (2m30.9s), 04/32 VUs, 153 complete and 0 interrupted iterations
spike   [  66% ] 04/32 VUs  2m30.9s/3m47.0s

running (2m31.9s), 04/32 VUs, 154 complete and 0 interrupted iterations
spike   [  67% ] 04/32 VUs  2m31.9s/3m47.0s

running (2m32.9s), 04/32 VUs, 154 complete and 0 interrupted iterations
spike   [  67% ] 04/32 VUs  2m32.9s/3m47.0s

running (2m33.9s), 04/32 VUs, 154 complete and 0 interrupted iterations
spike   [  68% ] 04/32 VUs  2m33.9s/3m47.0s

running (2m34.9s), 04/32 VUs, 155 complete and 0 interrupted iterations
spike   [  68% ] 04/32 VUs  2m34.9s/3m47.0s

running (2m35.9s), 04/32 VUs, 155 complete and 0 interrupted iterations
spike   [  69% ] 04/32 VUs  2m35.9s/3m47.0s

running (2m36.9s), 04/32 VUs, 156 complete and 0 interrupted iterations
spike   [  69% ] 04/32 VUs  2m36.9s/3m47.0s

running (2m37.9s), 04/32 VUs, 156 complete and 0 interrupted iterations
spike   [  70% ] 04/32 VUs  2m37.9s/3m47.0s

running (2m38.9s), 04/32 VUs, 156 complete and 0 interrupted iterations
spike   [  70% ] 04/32 VUs  2m38.9s/3m47.0s

running (2m39.9s), 04/32 VUs, 156 complete and 0 interrupted iterations
spike   [  70% ] 04/32 VUs  2m39.9s/3m47.0s

running (2m40.9s), 04/32 VUs, 157 complete and 0 interrupted iterations
spike   [  71% ] 04/32 VUs  2m40.9s/3m47.0s

running (2m41.9s), 04/32 VUs, 157 complete and 0 interrupted iterations
spike   [  71% ] 04/32 VUs  2m41.9s/3m47.0s

running (2m42.9s), 04/32 VUs, 157 complete and 0 interrupted iterations
spike   [  72% ] 04/32 VUs  2m42.9s/3m47.0s

running (2m43.9s), 04/32 VUs, 157 complete and 0 interrupted iterations
spike   [  72% ] 04/32 VUs  2m43.9s/3m47.0s

running (2m44.9s), 04/32 VUs, 158 complete and 0 interrupted iterations
spike   [  73% ] 04/32 VUs  2m44.9s/3m47.0s

running (2m45.9s), 04/32 VUs, 158 complete and 0 interrupted iterations
spike   [  73% ] 04/32 VUs  2m45.9s/3m47.0s

running (2m46.9s), 04/32 VUs, 158 complete and 0 interrupted iterations
spike   [  74% ] 04/32 VUs  2m46.9s/3m47.0s

running (2m47.9s), 04/32 VUs, 158 complete and 0 interrupted iterations
spike   [  74% ] 04/32 VUs  2m47.9s/3m47.0s

running (2m48.9s), 04/32 VUs, 158 complete and 0 interrupted iterations
spike   [  74% ] 04/32 VUs  2m48.9s/3m47.0s

running (2m49.9s), 04/32 VUs, 159 complete and 0 interrupted iterations
spike   [  75% ] 04/32 VUs  2m49.9s/3m47.0s

running (2m50.9s), 04/32 VUs, 160 complete and 0 interrupted iterations
spike   [  75% ] 04/32 VUs  2m50.9s/3m47.0s

running (2m51.9s), 04/32 VUs, 160 complete and 0 interrupted iterations
spike   [  76% ] 04/32 VUs  2m51.9s/3m47.0s

running (2m52.9s), 04/32 VUs, 160 complete and 0 interrupted iterations
spike   [  76% ] 04/32 VUs  2m52.9s/3m47.0s

running (2m53.9s), 04/32 VUs, 161 complete and 0 interrupted iterations
spike   [  77% ] 04/32 VUs  2m53.9s/3m47.0s

running (2m54.9s), 04/32 VUs, 161 complete and 0 interrupted iterations
spike   [  77% ] 04/32 VUs  2m54.9s/3m47.0s

running (2m55.9s), 04/32 VUs, 161 complete and 0 interrupted iterations
spike   [  78% ] 04/32 VUs  2m55.9s/3m47.0s

running (2m56.9s), 04/32 VUs, 161 complete and 0 interrupted iterations
spike   [  78% ] 04/32 VUs  2m56.9s/3m47.0s

running (2m57.9s), 04/32 VUs, 161 complete and 0 interrupted iterations
spike   [  78% ] 04/32 VUs  2m57.9s/3m47.0s

running (2m58.9s), 04/32 VUs, 162 complete and 0 interrupted iterations
spike   [  79% ] 04/32 VUs  2m58.9s/3m47.0s

running (2m59.9s), 04/32 VUs, 162 complete and 0 interrupted iterations
spike   [  79% ] 04/32 VUs  2m59.9s/3m47.0s

running (3m00.9s), 04/32 VUs, 162 complete and 0 interrupted iterations
spike   [  80% ] 04/32 VUs  3m00.9s/3m47.0s

running (3m01.9s), 04/32 VUs, 162 complete and 0 interrupted iterations
spike   [  80% ] 04/32 VUs  3m01.9s/3m47.0s

running (3m02.9s), 04/32 VUs, 162 complete and 0 interrupted iterations
spike   [  81% ] 04/32 VUs  3m02.9s/3m47.0s

running (3m03.9s), 04/32 VUs, 164 complete and 0 interrupted iterations
spike   [  81% ] 04/32 VUs  3m03.9s/3m47.0s

running (3m04.9s), 04/32 VUs, 164 complete and 0 interrupted iterations
spike   [  81% ] 04/32 VUs  3m04.9s/3m47.0s

running (3m05.9s), 04/32 VUs, 164 complete and 0 interrupted iterations
spike   [  82% ] 04/32 VUs  3m05.9s/3m47.0s

running (3m06.9s), 04/32 VUs, 165 complete and 0 interrupted iterations
spike   [  82% ] 04/32 VUs  3m06.9s/3m47.0s

running (3m07.9s), 04/32 VUs, 165 complete and 0 interrupted iterations
spike   [  83% ] 04/32 VUs  3m07.9s/3m47.0s

running (3m08.9s), 04/32 VUs, 165 complete and 0 interrupted iterations
spike   [  83% ] 04/32 VUs  3m08.9s/3m47.0s

running (3m09.9s), 04/32 VUs, 165 complete and 0 interrupted iterations
spike   [  84% ] 04/32 VUs  3m09.9s/3m47.0s

running (3m10.9s), 04/32 VUs, 166 complete and 0 interrupted iterations
spike   [  84% ] 04/32 VUs  3m10.9s/3m47.0s

running (3m11.9s), 04/32 VUs, 166 complete and 0 interrupted iterations
spike   [  85% ] 04/32 VUs  3m11.9s/3m47.0s

running (3m12.9s), 04/32 VUs, 166 complete and 0 interrupted iterations
spike   [  85% ] 04/32 VUs  3m12.9s/3m47.0s

running (3m13.9s), 04/32 VUs, 166 complete and 0 interrupted iterations
spike   [  85% ] 04/32 VUs  3m13.9s/3m47.0s

running (3m14.9s), 04/32 VUs, 166 complete and 0 interrupted iterations
spike   [  86% ] 04/32 VUs  3m14.9s/3m47.0s

running (3m15.9s), 04/32 VUs, 168 complete and 0 interrupted iterations
spike   [  86% ] 04/32 VUs  3m15.9s/3m47.0s

running (3m16.9s), 04/32 VUs, 168 complete and 0 interrupted iterations
spike   [  87% ] 04/32 VUs  3m16.9s/3m47.0s

running (3m17.9s), 04/32 VUs, 168 complete and 0 interrupted iterations
spike   [  87% ] 04/32 VUs  3m17.9s/3m47.0s

running (3m18.9s), 04/32 VUs, 168 complete and 0 interrupted iterations
spike   [  88% ] 04/32 VUs  3m18.9s/3m47.0s

running (3m19.9s), 04/32 VUs, 168 complete and 0 interrupted iterations
spike   [  88% ] 04/32 VUs  3m19.9s/3m47.0s

running (3m20.9s), 04/32 VUs, 169 complete and 0 interrupted iterations
spike   [  89% ] 04/32 VUs  3m20.9s/3m47.0s

running (3m21.9s), 04/32 VUs, 169 complete and 0 interrupted iterations
spike   [  89% ] 04/32 VUs  3m21.9s/3m47.0s

running (3m22.9s), 04/32 VUs, 169 complete and 0 interrupted iterations
spike   [  89% ] 04/32 VUs  3m22.9s/3m47.0s

running (3m23.9s), 04/32 VUs, 169 complete and 0 interrupted iterations
spike   [  90% ] 04/32 VUs  3m23.9s/3m47.0s

running (3m24.9s), 04/32 VUs, 170 complete and 0 interrupted iterations
spike   [  90% ] 04/32 VUs  3m24.9s/3m47.0s

running (3m25.9s), 04/32 VUs, 170 complete and 0 interrupted iterations
spike   [  91% ] 04/32 VUs  3m25.9s/3m47.0s

running (3m26.9s), 04/32 VUs, 170 complete and 0 interrupted iterations
spike   [  91% ] 04/32 VUs  3m26.9s/3m47.0s

running (3m27.9s), 03/32 VUs, 171 complete and 0 interrupted iterations
spike   [  92% ] 03/32 VUs  3m27.9s/3m47.0s

running (3m28.9s), 03/32 VUs, 171 complete and 0 interrupted iterations
spike   [  92% ] 03/32 VUs  3m28.9s/3m47.0s

running (3m29.9s), 03/32 VUs, 172 complete and 0 interrupted iterations
spike   [  92% ] 03/32 VUs  3m29.9s/3m47.0s

running (3m30.9s), 03/32 VUs, 172 complete and 0 interrupted iterations
spike   [  93% ] 03/32 VUs  3m30.9s/3m47.0s

running (3m31.9s), 03/32 VUs, 172 complete and 0 interrupted iterations
spike   [  93% ] 03/32 VUs  3m31.9s/3m47.0s

running (3m32.9s), 03/32 VUs, 172 complete and 0 interrupted iterations
spike   [  94% ] 03/32 VUs  3m32.9s/3m47.0s

running (3m33.9s), 03/32 VUs, 172 complete and 0 interrupted iterations
spike   [  94% ] 03/32 VUs  3m33.9s/3m47.0s

running (3m34.9s), 03/32 VUs, 173 complete and 0 interrupted iterations
spike   [  95% ] 03/32 VUs  3m34.9s/3m47.0s

running (3m35.9s), 03/32 VUs, 173 complete and 0 interrupted iterations
spike   [  95% ] 03/32 VUs  3m35.9s/3m47.0s

running (3m36.9s), 03/32 VUs, 173 complete and 0 interrupted iterations
spike   [  96% ] 03/32 VUs  3m36.9s/3m47.0s

running (3m37.9s), 03/32 VUs, 173 complete and 0 interrupted iterations
spike   [  96% ] 03/32 VUs  3m37.9s/3m47.0s

running (3m38.9s), 03/32 VUs, 173 complete and 0 interrupted iterations
spike   [  96% ] 03/32 VUs  3m38.9s/3m47.0s

running (3m39.9s), 03/32 VUs, 173 complete and 0 interrupted iterations
spike   [  97% ] 03/32 VUs  3m39.9s/3m47.0s

running (3m40.9s), 02/32 VUs, 174 complete and 0 interrupted iterations
spike   [  97% ] 02/32 VUs  3m40.9s/3m47.0s

running (3m41.9s), 02/32 VUs, 174 complete and 0 interrupted iterations
spike   [  98% ] 02/32 VUs  3m41.9s/3m47.0s

running (3m42.9s), 02/32 VUs, 174 complete and 0 interrupted iterations
spike   [  98% ] 02/32 VUs  3m42.9s/3m47.0s

running (3m43.9s), 01/32 VUs, 175 complete and 0 interrupted iterations
spike   [  99% ] 01/32 VUs  3m43.9s/3m47.0s

running (3m44.9s), 01/32 VUs, 175 complete and 0 interrupted iterations
spike   [  99% ] 01/32 VUs  3m44.9s/3m47.0s

running (3m45.9s), 01/32 VUs, 175 complete and 0 interrupted iterations
spike   [ 100% ] 01/32 VUs  3m45.9s/3m47.0s

running (3m46.9s), 01/32 VUs, 175 complete and 0 interrupted iterations
spike   [ 100% ] 01/32 VUs  3m46.9s/3m47.0s


  █ THRESHOLDS 

    checks
    ✓ 'rate==1' rate=100.00%

    http_req_failed
    ✓ 'rate==0' rate=0.00%

    workflow_success
    ✓ 'rate==1' rate=100.00%


  █ TOTAL RESULTS 

    checks_total.......: 6160    27.044582/s
    checks_succeeded...: 100.00% 6160 out of 6160
    checks_failed......: 0.00%   0 out of 6160

    ✓ register status is 200
    ✓ register message is correct
    ✓ register user id is positive
    ✓ login status is 200
    ✓ login token is present
    ✓ login email matches registration
    ✓ login user id matches registration
    ✓ profile status is 200
    ✓ profile email matches registration
    ✓ profile user id matches registration
    ✓ profile payload has CSV name
    ✓ profile payload has CSV phone
    ✓ profile payload has CSV shipping address
    ✓ profile update status is 200
    ✓ profile update message is correct
    ✓ categories status is 200
    ✓ categories array is non-empty
    ✓ selected category id is positive
    ✓ products status is 200
    ✓ products array is non-empty
    ✓ matching product exists
    ✓ product detail status is 200
    ✓ product detail id matches selection
    ✓ product detail category matches selection
    ✓ product detail name is non-empty
    ✓ product detail price is positive numeric
    ✓ cart payload preserves product detail
    ✓ cart payload quantity is CSV quantity
    ✓ add to cart status is 200
    ✓ add to cart message is correct
    ✓ checkout payload has exact CSV shipping address
    ✓ checkout total is correlated and positive
    ✓ checkout status is 200
    ✓ checkout message is correct
    ✓ checkout order id is positive

    CUSTOM
    latency_add_to_cart_ms.............................................: avg=2.59ms   min=655.29µs p(50)=2.52ms   p(90)=3.57ms   p(95)=4.01ms   p(99)=5.34ms   max=6.82ms  
    latency_checkout_ms................................................: avg=12.47ms  min=7.04ms   p(50)=12.14ms  p(90)=15.55ms  p(95)=16.89ms  p(99)=19.24ms  max=28.5ms  
    latency_login_ms...................................................: avg=4.13ms   min=1.54ms   p(50)=3.53ms   p(90)=6.55ms   p(95)=8.09ms   p(99)=13.88ms  max=29.99ms 
    latency_read_categories_ms.........................................: avg=2.28ms   min=504.4µs  p(50)=1.59ms   p(90)=3.7ms    p(95)=7.99ms   p(99)=13.23ms  max=15.82ms 
    latency_read_product_detail_ms.....................................: avg=1.89ms   min=504.29µs p(50)=1.81ms   p(90)=2.49ms   p(95)=3.29ms   p(99)=7.07ms   max=12.98ms 
    latency_read_products_ms...........................................: avg=1.66ms   min=0s       p(50)=1.51ms   p(90)=2.44ms   p(95)=3.05ms   p(99)=10.47ms  max=12.95ms 
    latency_read_profile_ms............................................: avg=3.36ms   min=522.5µs  p(50)=3.01ms   p(90)=5.39ms   p(95)=8.21ms   p(99)=10.63ms  max=12.91ms 
    latency_register_ms................................................: avg=22.77ms  min=5.46ms   p(50)=9.79ms   p(90)=13.51ms  p(95)=16.18ms  p(99)=562.28ms max=578.87ms
    latency_update_profile_ms..........................................: avg=12ms     min=6.58ms   p(50)=11.52ms  p(90)=15.7ms   p(95)=17.59ms  p(99)=22.3ms   max=23.61ms 
    spike_cross_phase_iterations.......................................: 76      0.333667/s
    spike_final_rampdown_4_to_0_checks.................................: 100.00% 208 out of 208
    spike_final_rampdown_4_to_0_http_duration_ms.......................: avg=4.43ms   min=0s       p(50)=2.47ms   p(90)=10.67ms  p(95)=11.8ms   p(99)=14.05ms  max=15.75ms 
    spike_final_rampdown_4_to_0_http_failure_rate......................: 0.00%   0 out of 52
    spike_final_rampdown_4_to_0_http_requests..........................: 52      0.228298/s
    spike_final_rampdown_4_to_0_iteration_duration_ms..................: avg=14.94s   min=13.89s   p(50)=14.29s   p(90)=16.15s   p(95)=16.39s   p(99)=16.57s   max=16.62s  
    spike_final_rampdown_4_to_0_latency_add_to_cart_ms.................: avg=2.64ms   min=1.11ms   p(50)=3.05ms   p(90)=3.23ms   p(95)=3.23ms   p(99)=3.23ms   max=3.23ms  
    spike_final_rampdown_4_to_0_latency_checkout_ms....................: avg=10.39ms  min=8.82ms   p(50)=10.18ms  p(90)=11.95ms  p(95)=12.18ms  p(99)=12.37ms  max=12.42ms 
    spike_final_rampdown_4_to_0_latency_login_ms.......................: avg=2.53ms   min=1.85ms   p(50)=2.24ms   p(90)=3.34ms   p(95)=3.56ms   p(99)=3.74ms   max=3.79ms  
    spike_final_rampdown_4_to_0_latency_read_categories_ms.............: avg=1.43ms   min=583.2µs  p(50)=1.42ms   p(90)=2.06ms   p(95)=2.09ms   p(99)=2.11ms   max=2.11ms  
    spike_final_rampdown_4_to_0_latency_read_product_detail_ms.........: avg=1.52ms   min=510.1µs  p(50)=1.52ms   p(90)=2.07ms   p(95)=2.11ms   p(99)=2.14ms   max=2.14ms  
    spike_final_rampdown_4_to_0_latency_read_products_ms...............: avg=1ms      min=0s       p(50)=1.04ms   p(90)=1.7ms    p(95)=1.86ms   p(99)=1.98ms   max=2.02ms  
    spike_final_rampdown_4_to_0_latency_read_profile_ms................: avg=2.15ms   min=1.1ms    p(50)=2.47ms   p(90)=2.53ms   p(95)=2.54ms   p(99)=2.55ms   max=2.55ms  
    spike_final_rampdown_4_to_0_latency_register_ms....................: avg=6.39ms   min=5.46ms   p(50)=6.43ms   p(90)=7.16ms   p(95)=7.19ms   p(99)=7.22ms   max=7.22ms  
    spike_final_rampdown_4_to_0_latency_update_profile_ms..............: avg=11.14ms  min=7.51ms   p(50)=10.88ms  p(90)=13.87ms  p(95)=14.81ms  p(99)=15.56ms  max=15.75ms 
    spike_final_rampdown_4_to_0_requests_add_to_cart...................: 8       0.035123/s
    spike_final_rampdown_4_to_0_requests_checkout......................: 7       0.030732/s
    spike_final_rampdown_4_to_0_requests_login.........................: 4       0.017561/s
    spike_final_rampdown_4_to_0_requests_read_categories...............: 6       0.026342/s
    spike_final_rampdown_4_to_0_requests_read_product_detail...........: 7       0.030732/s
    spike_final_rampdown_4_to_0_requests_read_products.................: 6       0.026342/s
    spike_final_rampdown_4_to_0_requests_read_profile..................: 4       0.017561/s
    spike_final_rampdown_4_to_0_requests_register......................: 4       0.017561/s
    spike_final_rampdown_4_to_0_requests_update_profile................: 6       0.026342/s
    spike_final_rampdown_4_to_0_workflow_success.......................: 100.00% 7 out of 7
    spike_final_rampdown_4_to_0_workflows_completed....................: 7       0.030732/s
    spike_pre_spike_steady_4_checks....................................: 100.00% 420 out of 420
    spike_pre_spike_steady_4_http_duration_ms..........................: avg=5.59ms   min=514.9µs  p(50)=3.27ms   p(90)=12.11ms  p(95)=13.14ms  p(99)=17.19ms  max=18.38ms 
    spike_pre_spike_steady_4_http_failure_rate.........................: 0.00%   0 out of 108
    spike_pre_spike_steady_4_http_requests.............................: 108     0.474158/s
    spike_pre_spike_steady_4_iteration_duration_ms.....................: avg=12.85s   min=10.73s   p(50)=13.16s   p(90)=13.4s    p(95)=13.55s   p(99)=13.67s   max=13.7s   
    spike_pre_spike_steady_4_latency_add_to_cart_ms....................: avg=2.65ms   min=899.3µs  p(50)=2.38ms   p(90)=4.11ms   p(95)=4.24ms   p(99)=4.33ms   max=4.36ms  
    spike_pre_spike_steady_4_latency_checkout_ms.......................: avg=12.55ms  min=10.2ms   p(50)=12.28ms  p(90)=15.21ms  p(95)=16.27ms  p(99)=17.12ms  max=17.33ms 
    spike_pre_spike_steady_4_latency_login_ms..........................: avg=4.24ms   min=1.91ms   p(50)=3.9ms    p(90)=5.77ms   p(95)=6.9ms    p(99)=8ms      max=8.27ms  
    spike_pre_spike_steady_4_latency_read_categories_ms................: avg=1.68ms   min=784.4µs  p(50)=1.61ms   p(90)=2.4ms    p(95)=2.46ms   p(99)=2.51ms   max=2.52ms  
    spike_pre_spike_steady_4_latency_read_product_detail_ms............: avg=1.88ms   min=679.9µs  p(50)=1.89ms   p(90)=2.5ms    p(95)=2.56ms   p(99)=2.61ms   max=2.62ms  
    spike_pre_spike_steady_4_latency_read_products_ms..................: avg=1.72ms   min=514.9µs  p(50)=1.82ms   p(90)=2.47ms   p(95)=2.89ms   p(99)=3.25ms   max=3.34ms  
    spike_pre_spike_steady_4_latency_read_profile_ms...................: avg=3.68ms   min=2.36ms   p(50)=3.29ms   p(90)=5.66ms   p(95)=5.96ms   p(99)=6.17ms   max=6.23ms  
    spike_pre_spike_steady_4_latency_register_ms.......................: avg=9.95ms   min=8.65ms   p(50)=9.73ms   p(90)=10.76ms  p(95)=11.46ms  p(99)=12.13ms  max=12.3ms  
    spike_pre_spike_steady_4_latency_update_profile_ms.................: avg=11.96ms  min=9.71ms   p(50)=11.12ms  p(90)=14.45ms  p(95)=16.3ms   p(99)=17.96ms  max=18.38ms 
    spike_pre_spike_steady_4_requests_add_to_cart......................: 12      0.052684/s
    spike_pre_spike_steady_4_requests_checkout.........................: 12      0.052684/s
    spike_pre_spike_steady_4_requests_login............................: 12      0.052684/s
    spike_pre_spike_steady_4_requests_read_categories..................: 12      0.052684/s
    spike_pre_spike_steady_4_requests_read_product_detail..............: 12      0.052684/s
    spike_pre_spike_steady_4_requests_read_products....................: 12      0.052684/s
    spike_pre_spike_steady_4_requests_read_profile.....................: 12      0.052684/s
    spike_pre_spike_steady_4_requests_register.........................: 12      0.052684/s
    spike_pre_spike_steady_4_requests_update_profile...................: 12      0.052684/s
    spike_pre_spike_steady_4_workflow_success..........................: 100.00% 12 out of 12
    spike_pre_spike_steady_4_workflows_completed.......................: 12      0.052684/s
    spike_recovery_settling_4_checks...................................: 100.00% 814 out of 814
    spike_recovery_settling_4_http_duration_ms.........................: avg=5.48ms   min=506.4µs  p(50)=2.46ms   p(90)=13.27ms  p(95)=14.93ms  p(99)=18.27ms  max=28.5ms  
    spike_recovery_settling_4_http_failure_rate........................: 0.00%   0 out of 196
    spike_recovery_settling_4_http_requests............................: 196     0.860509/s
    spike_recovery_settling_4_iteration_duration_ms....................: avg=13.17s   min=11.65s   p(50)=13.35s   p(90)=14.12s   p(95)=14.18s   p(99)=14.22s   max=14.23s  
    spike_recovery_settling_4_latency_add_to_cart_ms...................: avg=2.45ms   min=829.09µs p(50)=2.3ms    p(90)=3.55ms   p(95)=3.6ms    p(99)=3.73ms   max=3.74ms  
    spike_recovery_settling_4_latency_checkout_ms......................: avg=13.09ms  min=8.11ms   p(50)=12.54ms  p(90)=16.29ms  p(95)=17.36ms  p(99)=24.8ms   max=28.5ms  
    spike_recovery_settling_4_latency_login_ms.........................: avg=3.64ms   min=2.32ms   p(50)=2.78ms   p(90)=4.93ms   p(95)=6.92ms   p(99)=8.52ms   max=8.92ms  
    spike_recovery_settling_4_latency_read_categories_ms...............: avg=1.88ms   min=507.2µs  p(50)=1.61ms   p(90)=2.39ms   p(95)=2.41ms   p(99)=7.86ms   max=9.22ms  
    spike_recovery_settling_4_latency_read_product_detail_ms...........: avg=1.72ms   min=578.6µs  p(50)=1.57ms   p(90)=2.1ms    p(95)=2.39ms   p(99)=6.78ms   max=8.72ms  
    spike_recovery_settling_4_latency_read_products_ms.................: avg=1.36ms   min=506.4µs  p(50)=1.22ms   p(90)=2.11ms   p(95)=2.51ms   p(99)=2.53ms   max=2.53ms  
    spike_recovery_settling_4_latency_read_profile_ms..................: avg=2.97ms   min=1.16ms   p(50)=2.46ms   p(90)=4.12ms   p(95)=6.64ms   p(99)=8.65ms   max=9.15ms  
    spike_recovery_settling_4_latency_register_ms......................: avg=8.96ms   min=7.15ms   p(50)=8.34ms   p(90)=10.77ms  p(95)=11.19ms  p(99)=11.52ms  max=11.6ms  
    spike_recovery_settling_4_latency_update_profile_ms................: avg=11.2ms   min=7.52ms   p(50)=11.15ms  p(90)=13.29ms  p(95)=14.58ms  p(99)=18.06ms  max=18.93ms 
    spike_recovery_settling_4_requests_add_to_cart.....................: 37      0.162443/s
    spike_recovery_settling_4_requests_checkout........................: 37      0.162443/s
    spike_recovery_settling_4_requests_login...........................: 9       0.039513/s
    spike_recovery_settling_4_requests_read_categories.................: 21      0.092197/s
    spike_recovery_settling_4_requests_read_product_detail.............: 32      0.140491/s
    spike_recovery_settling_4_requests_read_products...................: 21      0.092197/s
    spike_recovery_settling_4_requests_read_profile....................: 9       0.039513/s
    spike_recovery_settling_4_requests_register........................: 9       0.039513/s
    spike_recovery_settling_4_requests_update_profile..................: 21      0.092197/s
    spike_recovery_settling_4_workflow_success.........................: 100.00% 37 out of 37
    spike_recovery_settling_4_workflows_completed......................: 37      0.162443/s
    spike_recovery_steady_4_checks.....................................: 100.00% 645 out of 645
    spike_recovery_steady_4_http_duration_ms...........................: avg=4.73ms   min=504.29µs p(50)=2.49ms   p(90)=11.1ms   p(95)=12.13ms  p(99)=15.32ms  max=16.11ms 
    spike_recovery_steady_4_http_failure_rate..........................: 0.00%   0 out of 166
    spike_recovery_steady_4_http_requests..............................: 166     0.728799/s
    spike_recovery_steady_4_iteration_duration_ms......................: avg=13.25s   min=12.31s   p(50)=13.22s   p(90)=14.02s   p(95)=14.53s   p(99)=14.99s   max=15.11s  
    spike_recovery_steady_4_latency_add_to_cart_ms.....................: avg=2.07ms   min=655.29µs p(50)=2.04ms   p(90)=2.65ms   p(95)=2.97ms   p(99)=3.05ms   max=3.07ms  
    spike_recovery_steady_4_latency_checkout_ms........................: avg=11.05ms  min=7.66ms   p(50)=10.95ms  p(90)=13.42ms  p(95)=14.12ms  p(99)=15.72ms  max=16.11ms 
    spike_recovery_steady_4_latency_login_ms...........................: avg=2.93ms   min=1.66ms   p(50)=2.78ms   p(90)=4.17ms   p(95)=4.68ms   p(99)=5.03ms   max=5.12ms  
    spike_recovery_steady_4_latency_read_categories_ms.................: avg=1.71ms   min=504.4µs  p(50)=1.4ms    p(90)=2.3ms    p(95)=3.5ms    p(99)=7.98ms   max=9.1ms   
    spike_recovery_steady_4_latency_read_product_detail_ms.............: avg=1.7ms    min=504.29µs p(50)=1.61ms   p(90)=2.33ms   p(95)=2.87ms   p(99)=4.41ms   max=4.79ms  
    spike_recovery_steady_4_latency_read_products_ms...................: avg=1.61ms   min=506.2µs  p(50)=1.24ms   p(90)=2.07ms   p(95)=3.26ms   p(99)=8.12ms   max=9.33ms  
    spike_recovery_steady_4_latency_read_profile_ms....................: avg=2.15ms   min=1.11ms   p(50)=2.17ms   p(90)=2.79ms   p(95)=3.25ms   p(99)=3.94ms   max=4.11ms  
    spike_recovery_steady_4_latency_register_ms........................: avg=8.2ms    min=5.5ms    p(50)=7.98ms   p(90)=10.64ms  p(95)=11.21ms  p(99)=12.65ms  max=13ms    
    spike_recovery_steady_4_latency_update_profile_ms..................: avg=10.82ms  min=6.58ms   p(50)=10.63ms  p(90)=12.98ms  p(95)=15.11ms  p(99)=15.82ms  max=16ms    
    spike_recovery_steady_4_requests_add_to_cart.......................: 18      0.079026/s
    spike_recovery_steady_4_requests_checkout..........................: 19      0.083417/s
    spike_recovery_steady_4_requests_login.............................: 19      0.083417/s
    spike_recovery_steady_4_requests_read_categories...................: 18      0.079026/s
    spike_recovery_steady_4_requests_read_product_detail...............: 18      0.079026/s
    spike_recovery_steady_4_requests_read_products.....................: 18      0.079026/s
    spike_recovery_steady_4_requests_read_profile......................: 19      0.083417/s
    spike_recovery_steady_4_requests_register..........................: 19      0.083417/s
    spike_recovery_steady_4_requests_update_profile....................: 18      0.079026/s
    spike_recovery_steady_4_workflow_success...........................: 100.00% 19 out of 19
    spike_recovery_steady_4_workflows_completed........................: 19      0.083417/s
    spike_recovery_transition_32_to_4_checks...........................: 100.00% 68 out of 68
    spike_recovery_transition_32_to_4_http_duration_ms.................: avg=4.28ms   min=1.07ms   p(50)=1.99ms   p(90)=11.18ms  p(95)=11.73ms  p(99)=12.9ms   max=13.19ms 
    spike_recovery_transition_32_to_4_http_failure_rate................: 0.00%   0 out of 17
    spike_recovery_transition_32_to_4_http_requests....................: 17      0.074636/s
    spike_recovery_transition_32_to_4_latency_add_to_cart_ms...........: avg=1.75ms   min=1.75ms   p(50)=1.75ms   p(90)=1.75ms   p(95)=1.75ms   p(99)=1.75ms   max=1.75ms  
    spike_recovery_transition_32_to_4_latency_read_categories_ms.......: avg=2.99ms   min=1.33ms   p(50)=2.08ms   p(90)=5.34ms   p(95)=5.91ms   p(99)=6.36ms   max=6.47ms  
    spike_recovery_transition_32_to_4_latency_read_product_detail_ms...: avg=1.93ms   min=1.59ms   p(50)=1.98ms   p(90)=2.11ms   p(95)=2.14ms   p(99)=2.16ms   max=2.17ms  
    spike_recovery_transition_32_to_4_latency_read_products_ms.........: avg=1.6ms    min=1.07ms   p(50)=1.34ms   p(90)=2.33ms   p(95)=2.49ms   p(99)=2.62ms   max=2.66ms  
    spike_recovery_transition_32_to_4_latency_update_profile_ms........: avg=11.23ms  min=9.33ms   p(50)=11.21ms  p(90)=12.64ms  p(95)=12.92ms  p(99)=13.14ms  max=13.19ms 
    spike_recovery_transition_32_to_4_requests_add_to_cart.............: 1       0.00439/s
    spike_recovery_transition_32_to_4_requests_read_categories.........: 4       0.017561/s
    spike_recovery_transition_32_to_4_requests_read_product_detail.....: 4       0.017561/s
    spike_recovery_transition_32_to_4_requests_read_products...........: 4       0.017561/s
    spike_recovery_transition_32_to_4_requests_update_profile..........: 4       0.017561/s
    spike_spike_peak_32_checks.........................................: 100.00% 3723 out of 3723
    spike_spike_peak_32_http_duration_ms...............................: avg=5.73ms   min=503µs    p(50)=3.29ms   p(90)=12.92ms  p(95)=14.26ms  p(99)=18.29ms  max=23.61ms 
    spike_spike_peak_32_http_failure_rate..............................: 0.00%   0 out of 965
    spike_spike_peak_32_http_requests..................................: 965     4.236692/s
    spike_spike_peak_32_iteration_duration_ms..........................: avg=13.64s   min=11.18s   p(50)=13.66s   p(90)=14.96s   p(95)=15.33s   p(99)=16.02s   max=16.28s  
    spike_spike_peak_32_latency_add_to_cart_ms.........................: avg=2.76ms   min=1.01ms   p(50)=2.69ms   p(90)=3.66ms   p(95)=4.33ms   p(99)=5.93ms   max=6.82ms  
    spike_spike_peak_32_latency_checkout_ms............................: avg=12.68ms  min=7.04ms   p(50)=12.61ms  p(90)=15.39ms  p(95)=16.89ms  p(99)=18.9ms   max=20.52ms 
    spike_spike_peak_32_latency_login_ms...............................: avg=4.18ms   min=1.54ms   p(50)=3.67ms   p(90)=6.88ms   p(95)=7.92ms   p(99)=12.34ms  max=16.74ms 
    spike_spike_peak_32_latency_read_categories_ms.....................: avg=2.57ms   min=505.6µs  p(50)=1.64ms   p(90)=6.76ms   p(95)=8.39ms   p(99)=15.46ms  max=15.82ms 
    spike_spike_peak_32_latency_read_product_detail_ms.................: avg=2.01ms   min=506µs    p(50)=1.88ms   p(90)=2.85ms   p(95)=3.84ms   p(99)=6.72ms   max=12.98ms 
    spike_spike_peak_32_latency_read_products_ms.......................: avg=1.77ms   min=503µs    p(50)=1.52ms   p(90)=2.48ms   p(95)=3.18ms   p(99)=10.56ms  max=12.95ms 
    spike_spike_peak_32_latency_read_profile_ms........................: avg=3.56ms   min=522.5µs  p(50)=3.09ms   p(90)=5.26ms   p(95)=8.97ms   p(99)=11.32ms  max=12.91ms 
    spike_spike_peak_32_latency_register_ms............................: avg=10.91ms  min=6.51ms   p(50)=10.39ms  p(90)=13.98ms  p(95)=16.16ms  p(99)=19.58ms  max=20.28ms 
    spike_spike_peak_32_latency_update_profile_ms......................: avg=12.34ms  min=7.39ms   p(50)=11.89ms  p(90)=16.75ms  p(95)=17.82ms  p(99)=22.97ms  max=23.61ms 
    spike_spike_peak_32_requests_add_to_cart...........................: 96      0.421474/s
    spike_spike_peak_32_requests_checkout..............................: 96      0.421474/s
    spike_spike_peak_32_requests_login.................................: 124     0.544404/s
    spike_spike_peak_32_requests_read_categories.......................: 110     0.482939/s
    spike_spike_peak_32_requests_read_product_detail...................: 98      0.430255/s
    spike_spike_peak_32_requests_read_products.........................: 110     0.482939/s
    spike_spike_peak_32_requests_read_profile..........................: 124     0.544404/s
    spike_spike_peak_32_requests_register..............................: 97      0.425864/s
    spike_spike_peak_32_requests_update_profile........................: 110     0.482939/s
    spike_spike_peak_32_workflow_success...............................: 100.00% 96 out of 96
    spike_spike_peak_32_workflows_completed............................: 96      0.421474/s
    spike_spike_transition_4_to_32_checks..............................: 100.00% 86 out of 86
    spike_spike_transition_4_to_32_http_duration_ms....................: avg=9.71ms   min=2.2ms    p(50)=9.55ms   p(90)=11.77ms  p(95)=12.4ms   p(99)=13.01ms  max=13.15ms 
    spike_spike_transition_4_to_32_http_failure_rate...................: 0.00%   0 out of 28
    spike_spike_transition_4_to_32_http_requests.......................: 28      0.12293/s
    spike_spike_transition_4_to_32_latency_read_product_detail_ms......: avg=2.2ms    min=2.2ms    p(50)=2.2ms    p(90)=2.2ms    p(95)=2.2ms    p(99)=2.2ms    max=2.2ms   
    spike_spike_transition_4_to_32_latency_register_ms.................: avg=9.99ms   min=7.95ms   p(50)=9.64ms   p(90)=11.8ms   p(95)=12.44ms  p(99)=13.02ms  max=13.15ms 
    spike_spike_transition_4_to_32_requests_read_product_detail........: 1       0.00439/s
    spike_spike_transition_4_to_32_requests_register...................: 27      0.11854/s
    spike_warmup_4_checks..............................................: 100.00% 191 out of 191
    spike_warmup_4_http_duration_ms....................................: avg=49.71ms  min=529.1µs  p(50)=3.78ms   p(90)=15.21ms  p(95)=555.39ms p(99)=574.38ms max=578.87ms
    spike_warmup_4_http_failure_rate...................................: 0.00%   0 out of 51
    spike_warmup_4_http_requests.......................................: 51      0.223908/s
    spike_warmup_4_iteration_duration_ms...............................: avg=14.79s   min=13.59s   p(50)=14.67s   p(90)=15.88s   p(95)=16.05s   p(99)=16.19s   max=16.23s  
    spike_warmup_4_latency_add_to_cart_ms..............................: avg=2.2ms    min=1.07ms   p(50)=2.48ms   p(90)=2.71ms   p(95)=2.73ms   p(99)=2.74ms   max=2.74ms  
    spike_warmup_4_latency_checkout_ms.................................: avg=11.57ms  min=10.63ms  p(50)=11.86ms  p(90)=11.93ms  p(95)=11.94ms  p(99)=11.94ms  max=11.94ms 
    spike_warmup_4_latency_login_ms....................................: avg=7.53ms   min=1.7ms    p(50)=4.67ms   p(90)=13.9ms   p(95)=21.94ms  p(99)=28.38ms  max=29.99ms 
    spike_warmup_4_latency_read_categories_ms..........................: avg=1.75ms   min=1.08ms   p(50)=1.59ms   p(90)=2.34ms   p(95)=2.42ms   p(99)=2.49ms   max=2.51ms  
    spike_warmup_4_latency_read_product_detail_ms......................: avg=1.48ms   min=1.08ms   p(50)=1.51ms   p(90)=1.74ms   p(95)=1.78ms   p(99)=1.82ms   max=1.83ms  
    spike_warmup_4_latency_read_products_ms............................: avg=1.56ms   min=529.1µs  p(50)=1.74ms   p(90)=1.98ms   p(95)=2.02ms   p(99)=2.05ms   max=2.06ms  
    spike_warmup_4_latency_read_profile_ms.............................: avg=3.7ms    min=1.64ms   p(50)=3.1ms    p(90)=6.01ms   p(95)=6.13ms   p(99)=6.22ms   max=6.25ms  
    spike_warmup_4_latency_register_ms.................................: avg=287.29ms min=7.21ms   p(50)=282.68ms p(90)=572.59ms p(95)=575.73ms p(99)=578.24ms max=578.87ms
    spike_warmup_4_latency_update_profile_ms...........................: avg=13.94ms  min=11.94ms  p(50)=14.4ms   p(90)=15.14ms  p(95)=15.17ms  p(99)=15.2ms   max=15.21ms 
    spike_warmup_4_requests_add_to_cart................................: 4       0.017561/s
    spike_warmup_4_requests_checkout...................................: 4       0.017561/s
    spike_warmup_4_requests_login......................................: 8       0.035123/s
    spike_warmup_4_requests_read_categories............................: 5       0.021952/s
    spike_warmup_4_requests_read_product_detail........................: 4       0.017561/s
    spike_warmup_4_requests_read_products..............................: 5       0.021952/s
    spike_warmup_4_requests_read_profile...............................: 8       0.035123/s
    spike_warmup_4_requests_register...................................: 8       0.035123/s
    spike_warmup_4_requests_update_profile.............................: 5       0.021952/s
    spike_warmup_4_workflow_success....................................: 100.00% 4 out of 4
    spike_warmup_4_workflows_completed.................................: 4       0.017561/s
    workflow_success...................................................: 100.00% 176 out of 176

    HTTP
    http_req_duration..................................................: avg=7.02ms   min=0s       p(50)=3.13ms   p(90)=12.68ms  p(95)=14.26ms  p(99)=18.7ms   max=578.87ms
      { expected_response:true }.......................................: avg=7.02ms   min=0s       p(50)=3.13ms   p(90)=12.68ms  p(95)=14.26ms  p(99)=18.7ms   max=578.87ms
    http_req_failed....................................................: 0.00%   0 out of 1584
    http_reqs..........................................................: 1584    6.954321/s

    EXECUTION
    iteration_duration.................................................: avg=13.55s   min=10.73s   p(50)=13.56s   p(90)=15.02s   p(95)=15.43s   p(99)=16.34s   max=16.62s  
    iterations.........................................................: 176     0.772702/s
    vus................................................................: 1       min=1            max=32
    vus_max............................................................: 32      min=32           max=32

    NETWORK
    data_received......................................................: 783 kB  3.4 kB/s
    data_sent..........................................................: 395 kB  1.7 kB/s




running (3m47.8s), 00/32 VUs, 176 complete and 0 interrupted iterations
spike ✓ [ 100% ] 00/32 VUs  3m47s
