newman

HW06 FR-04 Personal Profile Management - Input Partitions

Iteration 1/41

□ Setup / Authentication
└ Login user A
  POST http://localhost:3000/api/login [200 OK, 635B, 192ms]
  √  User A login returns a token

└ Capture exact baseline profile A
  GET http://localhost:3000/api/users/me [200 OK, 452B, 11ms]
  √  Baseline A captured without null normalization

□ Data-driven input partitions - 41 cases
└ Execute {{caseId}} - PUT /api/users/me
  PUT http://localhost:3000/api/users/me [200 OK, 296B, 14ms]
  √  FR04-AI-001 response is observable without invented status oracle
  PUT http://localhost:3000/api/users/me [200 OK, 296B, 10ms]
  GET http://localhost:3000/api/users/me [200 OK, 452B, 4ms]
  √  FR04-AI-001 cleanup restores exact baseline profile

□ Verification helpers / Cleanup
└ Final exact baseline verification for user A
  GET http://localhost:3000/api/users/me [200 OK, 452B, 6ms]
  √  Final cleanup verifies exact baseline A

Iteration 2/41

□ Setup / Authentication
└ Login user A
  POST http://localhost:3000/api/login [200 OK, 635B, 7ms]
  √  User A login returns a token

└ Capture exact baseline profile A
  GET http://localhost:3000/api/users/me [200 OK, 452B, 8ms]
  √  Baseline A captured without null normalization

□ Data-driven input partitions - 41 cases
└ Execute {{caseId}} - PUT /api/users/me
  PUT http://localhost:3000/api/users/me [200 OK, 296B, 20ms]
  √  FR04-AI-004 response is observable without invented status oracle
  GET http://localhost:3000/api/users/me [200 OK, 453B, 4ms]
  ┌
  │ 'FR04-AI-004 omission observation:', '{"id":2,"name":n
  │ ull,"email":"test@eshop.com","password":"Test1234!","r
  │ ole":"user","login_attempts":0,"locked_until":null,"re
  │ set_token":null,"shipping_address":null,"phone":"01234
  │ 56789"}'
  └
  PUT http://localhost:3000/api/users/me [200 OK, 296B, 8ms]
  GET http://localhost:3000/api/users/me [200 OK, 452B, 3ms]
  √  FR04-AI-004 cleanup restores exact baseline profile

□ Verification helpers / Cleanup
└ Final exact baseline verification for user A
  GET http://localhost:3000/api/users/me [200 OK, 452B, 8ms]
  √  Final cleanup verifies exact baseline A

Iteration 3/41

□ Setup / Authentication
└ Login user A
  POST http://localhost:3000/api/login [200 OK, 635B, 15ms]
  √  User A login returns a token

└ Capture exact baseline profile A
  GET http://localhost:3000/api/users/me [200 OK, 452B, 5ms]
  √  Baseline A captured without null normalization

□ Data-driven input partitions - 41 cases
└ Execute {{caseId}} - PUT /api/users/me
  PUT http://localhost:3000/api/users/me [401 Unauthorized, 301B, 4ms]
  √  FR04-AI-005 response is observable without invented status oracle
  GET http://localhost:3000/api/users/me [200 OK, 452B, 9ms]
  √  FR04-AI-005 invalid authentication did not mutate authenticated profile

□ Verification helpers / Cleanup
└ Final exact baseline verification for user A
  GET http://localhost:3000/api/users/me [200 OK, 452B, 8ms]
  √  Final cleanup verifies exact baseline A

Iteration 4/41

□ Setup / Authentication
└ Login user A
  POST http://localhost:3000/api/login [200 OK, 635B, 3ms]
  √  User A login returns a token

└ Capture exact baseline profile A
  GET http://localhost:3000/api/users/me [200 OK, 452B, 3ms]
  √  Baseline A captured without null normalization

□ Data-driven input partitions - 41 cases
└ Execute {{caseId}} - PUT /api/users/me
  PUT http://localhost:3000/api/users/me [403 Forbidden, 295B, 3ms]
  √  FR04-AI-006 response is observable without invented status oracle
  GET http://localhost:3000/api/users/me [200 OK, 452B, 3ms]
  √  FR04-AI-006 invalid authentication did not mutate authenticated profile

□ Verification helpers / Cleanup
└ Final exact baseline verification for user A
  GET http://localhost:3000/api/users/me [200 OK, 452B, 5ms]
  √  Final cleanup verifies exact baseline A

Iteration 5/41

□ Setup / Authentication
└ Login user A
  POST http://localhost:3000/api/login [200 OK, 635B, 3ms]
  √  User A login returns a token

└ Capture exact baseline profile A
  GET http://localhost:3000/api/users/me [200 OK, 452B, 8ms]
  √  Baseline A captured without null normalization

□ Data-driven input partitions - 41 cases
└ Execute {{caseId}} - PUT /api/users/me
  PUT http://localhost:3000/api/users/me [401 Unauthorized, 301B, 5ms]
  √  FR04-AI-007 response is observable without invented status oracle
  GET http://localhost:3000/api/users/me [200 OK, 452B, 3ms]
  √  FR04-AI-007 invalid authentication did not mutate authenticated profile

□ Verification helpers / Cleanup
└ Final exact baseline verification for user A
  GET http://localhost:3000/api/users/me [200 OK, 452B, 4ms]
  √  Final cleanup verifies exact baseline A

Iteration 6/41

□ Setup / Authentication
└ Login user A
  POST http://localhost:3000/api/login [200 OK, 635B, 7ms]
  √  User A login returns a token

└ Capture exact baseline profile A
  GET http://localhost:3000/api/users/me [200 OK, 452B, 8ms]
  √  Baseline A captured without null normalization

□ Data-driven input partitions - 41 cases
└ Execute {{caseId}} - PUT /api/users/me
  PUT http://localhost:3000/api/users/me [403 Forbidden, 295B, 4ms]
  √  FR04-AI-008 response is observable without invented status oracle
  GET http://localhost:3000/api/users/me [200 OK, 452B, 3ms]
  √  FR04-AI-008 invalid authentication did not mutate authenticated profile

□ Verification helpers / Cleanup
└ Final exact baseline verification for user A
  GET http://localhost:3000/api/users/me [200 OK, 452B, 8ms]
  √  Final cleanup verifies exact baseline A

Iteration 7/41

□ Setup / Authentication
└ Login user A
  POST http://localhost:3000/api/login [200 OK, 635B, 8ms]
  √  User A login returns a token

└ Capture exact baseline profile A
  GET http://localhost:3000/api/users/me [200 OK, 452B, 8ms]
  √  Baseline A captured without null normalization

□ Data-driven input partitions - 41 cases
└ Execute {{caseId}} - PUT /api/users/me
  PUT http://localhost:3000/api/users/me [403 Forbidden, 295B, 6ms]
  √  FR04-AI-009 response is observable without invented status oracle
  GET http://localhost:3000/api/users/me [200 OK, 452B, 3ms]
  √  FR04-AI-009 invalid authentication did not mutate authenticated profile

□ Verification helpers / Cleanup
└ Final exact baseline verification for user A
  GET http://localhost:3000/api/users/me [200 OK, 452B, 3ms]
  √  Final cleanup verifies exact baseline A

Iteration 8/41

□ Setup / Authentication
└ Login user A
  POST http://localhost:3000/api/login [200 OK, 635B, 9ms]
  √  User A login returns a token

└ Capture exact baseline profile A
  GET http://localhost:3000/api/users/me [200 OK, 452B, 7ms]
  √  Baseline A captured without null normalization

□ Data-driven input partitions - 41 cases
└ Execute {{caseId}} - PUT /api/users/me
  PUT http://localhost:3000/api/users/me [200 OK, 296B, 17ms]
  √  FR04-AI-010 response is observable without invented status oracle
  GET http://localhost:3000/api/users/me [200 OK, 484B, 2ms]
  √  FR04-AI-010 persisted editable values match submitted values
  PUT http://localhost:3000/api/users/me [200 OK, 296B, 12ms]
  GET http://localhost:3000/api/users/me [200 OK, 452B, 3ms]
  √  FR04-AI-010 cleanup restores exact baseline profile

□ Verification helpers / Cleanup
└ Final exact baseline verification for user A
  GET http://localhost:3000/api/users/me [200 OK, 452B, 5ms]
  √  Final cleanup verifies exact baseline A

Iteration 9/41

□ Setup / Authentication
└ Login user A
  POST http://localhost:3000/api/login [200 OK, 635B, 6ms]
  √  User A login returns a token

└ Capture exact baseline profile A
  GET http://localhost:3000/api/users/me [200 OK, 452B, 5ms]
  √  Baseline A captured without null normalization

□ Data-driven input partitions - 41 cases
└ Execute {{caseId}} - PUT /api/users/me
  PUT http://localhost:3000/api/users/me [200 OK, 296B, 15ms]
  √  FR04-AI-011 response is observable without invented status oracle
  PUT http://localhost:3000/api/users/me [200 OK, 296B, 11ms]
  GET http://localhost:3000/api/users/me [200 OK, 452B, 2ms]
  √  FR04-AI-011 cleanup restores exact baseline profile

□ Verification helpers / Cleanup
└ Final exact baseline verification for user A
  GET http://localhost:3000/api/users/me [200 OK, 452B, 3ms]
  √  Final cleanup verifies exact baseline A

Iteration 10/41

□ Setup / Authentication
└ Login user A
  POST http://localhost:3000/api/login [200 OK, 635B, 7ms]
  √  User A login returns a token

└ Capture exact baseline profile A
  GET http://localhost:3000/api/users/me [200 OK, 452B, 5ms]
  √  Baseline A captured without null normalization

□ Data-driven input partitions - 41 cases
└ Execute {{caseId}} - PUT /api/users/me
  PUT http://localhost:3000/api/users/me [200 OK, 296B, 10ms]
  √  FR04-AI-012 response is observable without invented status oracle
  PUT http://localhost:3000/api/users/me [200 OK, 296B, 9ms]
  GET http://localhost:3000/api/users/me [200 OK, 452B, 4ms]
  √  FR04-AI-012 cleanup restores exact baseline profile

□ Verification helpers / Cleanup
└ Final exact baseline verification for user A
  GET http://localhost:3000/api/users/me [200 OK, 452B, 5ms]
  √  Final cleanup verifies exact baseline A

Iteration 11/41

□ Setup / Authentication
└ Login user A
  POST http://localhost:3000/api/login [200 OK, 635B, 8ms]
  √  User A login returns a token

└ Capture exact baseline profile A
  GET http://localhost:3000/api/users/me [200 OK, 452B, 4ms]
  √  Baseline A captured without null normalization

□ Data-driven input partitions - 41 cases
└ Execute {{caseId}} - PUT /api/users/me
  PUT http://localhost:3000/api/users/me [200 OK, 296B, 13ms]
  √  FR04-AI-013 response is observable without invented status oracle
  GET http://localhost:3000/api/users/me [200 OK, 483B, 2ms]
  1. FR04-AI-013 invalid phone did not become the persisted phone value
  PUT http://localhost:3000/api/users/me [200 OK, 296B, 10ms]
  GET http://localhost:3000/api/users/me [200 OK, 452B, 3ms]
  √  FR04-AI-013 cleanup restores exact baseline profile

□ Verification helpers / Cleanup
└ Final exact baseline verification for user A
  GET http://localhost:3000/api/users/me [200 OK, 452B, 4ms]
  √  Final cleanup verifies exact baseline A

Iteration 12/41

□ Setup / Authentication
└ Login user A
  POST http://localhost:3000/api/login [200 OK, 635B, 4ms]
  √  User A login returns a token

└ Capture exact baseline profile A
  GET http://localhost:3000/api/users/me [200 OK, 452B, 2ms]
  √  Baseline A captured without null normalization

□ Data-driven input partitions - 41 cases
└ Execute {{caseId}} - PUT /api/users/me
  PUT http://localhost:3000/api/users/me [200 OK, 296B, 12ms]
  √  FR04-AI-014 response is observable without invented status oracle
  GET http://localhost:3000/api/users/me [200 OK, 486B, 3ms]
  2. FR04-AI-014 invalid phone did not become the persisted phone value
  PUT http://localhost:3000/api/users/me [200 OK, 296B, 9ms]
  GET http://localhost:3000/api/users/me [200 OK, 452B, 2ms]
  √  FR04-AI-014 cleanup restores exact baseline profile

□ Verification helpers / Cleanup
└ Final exact baseline verification for user A
  GET http://localhost:3000/api/users/me [200 OK, 452B, 9ms]
  √  Final cleanup verifies exact baseline A

Iteration 13/41

□ Setup / Authentication
└ Login user A
  POST http://localhost:3000/api/login [200 OK, 635B, 6ms]
  √  User A login returns a token

└ Capture exact baseline profile A
  GET http://localhost:3000/api/users/me [200 OK, 452B, 7ms]
  √  Baseline A captured without null normalization

□ Data-driven input partitions - 41 cases
└ Execute {{caseId}} - PUT /api/users/me
  PUT http://localhost:3000/api/users/me [200 OK, 296B, 19ms]
  √  FR04-AI-015 response is observable without invented status oracle
  GET http://localhost:3000/api/users/me [200 OK, 484B, 4ms]
  3. FR04-AI-015 invalid phone did not become the persisted phone value
  PUT http://localhost:3000/api/users/me [200 OK, 296B, 15ms]
  GET http://localhost:3000/api/users/me [200 OK, 452B, 6ms]
  √  FR04-AI-015 cleanup restores exact baseline profile

□ Verification helpers / Cleanup
└ Final exact baseline verification for user A
  GET http://localhost:3000/api/users/me [200 OK, 452B, 2ms]
  √  Final cleanup verifies exact baseline A

Iteration 14/41

□ Setup / Authentication
└ Login user A
  POST http://localhost:3000/api/login [200 OK, 635B, 4ms]
  √  User A login returns a token

└ Capture exact baseline profile A
  GET http://localhost:3000/api/users/me [200 OK, 452B, 5ms]
  √  Baseline A captured without null normalization

□ Data-driven input partitions - 41 cases
└ Execute {{caseId}} - PUT /api/users/me
  PUT http://localhost:3000/api/users/me [200 OK, 296B, 13ms]
  √  FR04-AI-016 response is observable without invented status oracle
  GET http://localhost:3000/api/users/me [200 OK, 484B, 4ms]
  4. FR04-AI-016 invalid phone did not become the persisted phone value
  PUT http://localhost:3000/api/users/me [200 OK, 296B, 13ms]
  GET http://localhost:3000/api/users/me [200 OK, 452B, 4ms]
  √  FR04-AI-016 cleanup restores exact baseline profile

□ Verification helpers / Cleanup
└ Final exact baseline verification for user A
  GET http://localhost:3000/api/users/me [200 OK, 452B, 8ms]
  √  Final cleanup verifies exact baseline A

Iteration 15/41

□ Setup / Authentication
└ Login user A
  POST http://localhost:3000/api/login [200 OK, 635B, 4ms]
  √  User A login returns a token

└ Capture exact baseline profile A
  GET http://localhost:3000/api/users/me [200 OK, 452B, 2ms]
  √  Baseline A captured without null normalization

□ Data-driven input partitions - 41 cases
└ Execute {{caseId}} - PUT /api/users/me
  PUT http://localhost:3000/api/users/me [200 OK, 296B, 11ms]
  √  FR04-AI-017 response is observable without invented status oracle
  GET http://localhost:3000/api/users/me [200 OK, 486B, 4ms]
  5. FR04-AI-017 invalid phone did not become the persisted phone value
  PUT http://localhost:3000/api/users/me [200 OK, 296B, 10ms]
  GET http://localhost:3000/api/users/me [200 OK, 452B, 3ms]
  √  FR04-AI-017 cleanup restores exact baseline profile

□ Verification helpers / Cleanup
└ Final exact baseline verification for user A
  GET http://localhost:3000/api/users/me [200 OK, 452B, 3ms]
  √  Final cleanup verifies exact baseline A

Iteration 16/41

□ Setup / Authentication
└ Login user A
  POST http://localhost:3000/api/login [200 OK, 635B, 3ms]
  √  User A login returns a token

└ Capture exact baseline profile A
  GET http://localhost:3000/api/users/me [200 OK, 452B, 5ms]
  √  Baseline A captured without null normalization

□ Data-driven input partitions - 41 cases
└ Execute {{caseId}} - PUT /api/users/me
  PUT http://localhost:3000/api/users/me [200 OK, 296B, 11ms]
  √  FR04-AI-018 response is observable without invented status oracle
  GET http://localhost:3000/api/users/me [200 OK, 484B, 2ms]
  √  FR04-AI-018 persisted editable values match submitted values
  PUT http://localhost:3000/api/users/me [200 OK, 296B, 10ms]
  GET http://localhost:3000/api/users/me [200 OK, 452B, 4ms]
  √  FR04-AI-018 cleanup restores exact baseline profile

□ Verification helpers / Cleanup
└ Final exact baseline verification for user A
  GET http://localhost:3000/api/users/me [200 OK, 452B, 4ms]
  √  Final cleanup verifies exact baseline A

Iteration 17/41

□ Setup / Authentication
└ Login user A
  POST http://localhost:3000/api/login [200 OK, 635B, 4ms]
  √  User A login returns a token

└ Capture exact baseline profile A
  GET http://localhost:3000/api/users/me [200 OK, 452B, 5ms]
  √  Baseline A captured without null normalization

□ Data-driven input partitions - 41 cases
└ Execute {{caseId}} - PUT /api/users/me
  PUT http://localhost:3000/api/users/me [200 OK, 296B, 14ms]
  √  FR04-AI-019 response is observable without invented status oracle
  GET http://localhost:3000/api/users/me [200 OK, 529B, 2ms]
  √  FR04-AI-019 persisted editable values match submitted values
  PUT http://localhost:3000/api/users/me [200 OK, 296B, 11ms]
  GET http://localhost:3000/api/users/me [200 OK, 452B, 3ms]
  √  FR04-AI-019 cleanup restores exact baseline profile

□ Verification helpers / Cleanup
└ Final exact baseline verification for user A
  GET http://localhost:3000/api/users/me [200 OK, 452B, 2ms]
  √  Final cleanup verifies exact baseline A

Iteration 18/41

□ Setup / Authentication
└ Login user A
  POST http://localhost:3000/api/login [200 OK, 635B, 4ms]
  √  User A login returns a token

└ Capture exact baseline profile A
  GET http://localhost:3000/api/users/me [200 OK, 452B, 3ms]
  √  Baseline A captured without null normalization

□ Data-driven input partitions - 41 cases
└ Execute {{caseId}} - PUT /api/users/me
  PUT http://localhost:3000/api/users/me [200 OK, 296B, 12ms]
  √  FR04-AI-020 response is observable without invented status oracle
  PUT http://localhost:3000/api/users/me [200 OK, 296B, 10ms]
  GET http://localhost:3000/api/users/me [200 OK, 452B, 6ms]
  √  FR04-AI-020 cleanup restores exact baseline profile

□ Verification helpers / Cleanup
└ Final exact baseline verification for user A
  GET http://localhost:3000/api/users/me [200 OK, 452B, 3ms]
  √  Final cleanup verifies exact baseline A

Iteration 19/41

□ Setup / Authentication
└ Login user A
  POST http://localhost:3000/api/login [200 OK, 635B, 5ms]
  √  User A login returns a token

└ Capture exact baseline profile A
  GET http://localhost:3000/api/users/me [200 OK, 452B, 3ms]
  √  Baseline A captured without null normalization

□ Data-driven input partitions - 41 cases
└ Execute {{caseId}} - PUT /api/users/me
  PUT http://localhost:3000/api/users/me [200 OK, 296B, 19ms]
  √  FR04-AI-021 response is observable without invented status oracle
  PUT http://localhost:3000/api/users/me [200 OK, 296B, 14ms]
  GET http://localhost:3000/api/users/me [200 OK, 452B, 3ms]
  √  FR04-AI-021 cleanup restores exact baseline profile

□ Verification helpers / Cleanup
└ Final exact baseline verification for user A
  GET http://localhost:3000/api/users/me [200 OK, 452B, 6ms]
  √  Final cleanup verifies exact baseline A

Iteration 20/41

□ Setup / Authentication
└ Login user A
  POST http://localhost:3000/api/login [200 OK, 635B, 3ms]
  √  User A login returns a token

└ Capture exact baseline profile A
  GET http://localhost:3000/api/users/me [200 OK, 452B, 3ms]
  √  Baseline A captured without null normalization

□ Data-driven input partitions - 41 cases
└ Execute {{caseId}} - PUT /api/users/me
  PUT http://localhost:3000/api/users/me [200 OK, 296B, 17ms]
  √  FR04-AI-022 response is observable without invented status oracle
  PUT http://localhost:3000/api/users/me [200 OK, 296B, 11ms]
  GET http://localhost:3000/api/users/me [200 OK, 452B, 2ms]
  √  FR04-AI-022 cleanup restores exact baseline profile

□ Verification helpers / Cleanup
└ Final exact baseline verification for user A
  GET http://localhost:3000/api/users/me [200 OK, 452B, 7ms]
  √  Final cleanup verifies exact baseline A

Iteration 21/41

□ Setup / Authentication
└ Login user A
  POST http://localhost:3000/api/login [200 OK, 635B, 3ms]
  √  User A login returns a token

└ Capture exact baseline profile A
  GET http://localhost:3000/api/users/me [200 OK, 452B, 8ms]
  √  Baseline A captured without null normalization

□ Data-driven input partitions - 41 cases
└ Execute {{caseId}} - PUT /api/users/me
  PUT http://localhost:3000/api/users/me [200 OK, 296B, 13ms]
  √  FR04-AI-023 response is observable without invented status oracle
  PUT http://localhost:3000/api/users/me [200 OK, 296B, 8ms]
  GET http://localhost:3000/api/users/me [200 OK, 452B, 2ms]
  √  FR04-AI-023 cleanup restores exact baseline profile

□ Verification helpers / Cleanup
└ Final exact baseline verification for user A
  GET http://localhost:3000/api/users/me [200 OK, 452B, 2ms]
  √  Final cleanup verifies exact baseline A

Iteration 22/41

□ Setup / Authentication
└ Login user A
  POST http://localhost:3000/api/login [200 OK, 635B, 4ms]
  √  User A login returns a token

└ Capture exact baseline profile A
  GET http://localhost:3000/api/users/me [200 OK, 452B, 5ms]
  √  Baseline A captured without null normalization

□ Data-driven input partitions - 41 cases
└ Execute {{caseId}} - PUT /api/users/me
  PUT http://localhost:3000/api/users/me [200 OK, 296B, 17ms]
  √  FR04-AI-024 response is observable without invented status oracle
  GET http://localhost:3000/api/users/me [200 OK, 487B, 4ms]
  √  FR04-AI-024 API-side persisted editable values match submitted values
  ┌
  │ 'FR04-AI-024 requires separate manual/UI display-bound
  │ ary verification under SEC-04; API read-back is not a 
  │ UI PASS.'
  └
  PUT http://localhost:3000/api/users/me [200 OK, 296B, 14ms]
  GET http://localhost:3000/api/users/me [200 OK, 452B, 5ms]
  √  FR04-AI-024 cleanup restores exact baseline profile

□ Verification helpers / Cleanup
└ Final exact baseline verification for user A
  GET http://localhost:3000/api/users/me [200 OK, 452B, 7ms]
  √  Final cleanup verifies exact baseline A

Iteration 23/41

□ Setup / Authentication
└ Login user A
  POST http://localhost:3000/api/login [200 OK, 635B, 6ms]
  √  User A login returns a token

└ Capture exact baseline profile A
  GET http://localhost:3000/api/users/me [200 OK, 452B, 7ms]
  √  Baseline A captured without null normalization

□ Data-driven input partitions - 41 cases
└ Execute {{caseId}} - PUT /api/users/me
  PUT http://localhost:3000/api/users/me [200 OK, 296B, 11ms]
  √  FR04-AI-025 response is observable without invented status oracle
  GET http://localhost:3000/api/users/me [200 OK, 484B, 5ms]
  √  FR04-AI-025 persisted editable values match submitted values
  √  FR04-AI-025 protected fields remain baseline
  PUT http://localhost:3000/api/users/me [200 OK, 296B, 12ms]
  GET http://localhost:3000/api/users/me [200 OK, 452B, 3ms]
  √  FR04-AI-025 cleanup restores exact baseline profile

□ Verification helpers / Cleanup
└ Final exact baseline verification for user A
  GET http://localhost:3000/api/users/me [200 OK, 452B, 10ms]
  √  Final cleanup verifies exact baseline A

Iteration 24/41

□ Setup / Authentication
└ Login user A
  POST http://localhost:3000/api/login [200 OK, 635B, 2ms]
  √  User A login returns a token

└ Capture exact baseline profile A
  GET http://localhost:3000/api/users/me [200 OK, 452B, 4ms]
  √  Baseline A captured without null normalization

□ Data-driven input partitions - 41 cases
└ Execute {{caseId}} - PUT /api/users/me
  PUT http://localhost:3000/api/users/me [200 OK, 296B, 12ms]
  √  FR04-AI-026 response is observable without invented status oracle
  GET http://localhost:3000/api/users/me [200 OK, 485B, 4ms]
  √  FR04-AI-026 persisted editable values match submitted values
  6. FR04-AI-026 protected fields remain baseline
  PUT http://localhost:3000/api/users/me [200 OK, 296B, 8ms]
  GET http://localhost:3000/api/users/me [200 OK, 453B, 3ms]
  7. FR04-AI-026 cleanup restores exact baseline profile

□ Verification helpers / Cleanup
└ Final exact baseline verification for user A
  GET http://localhost:3000/api/users/me [200 OK, 453B, 4ms]
  8. Final cleanup verifies exact baseline A

Iteration 25/41

□ Setup / Authentication
└ Login user A
  POST http://localhost:3000/api/login [200 OK, 638B, 4ms]
  √  User A login returns a token

└ Capture exact baseline profile A
  GET http://localhost:3000/api/users/me [200 OK, 453B, 6ms]
  √  Baseline A captured without null normalization

□ Data-driven input partitions - 41 cases
└ Execute {{caseId}} - PUT /api/users/me
  PUT http://localhost:3000/api/users/me [200 OK, 296B, 16ms]
  √  FR04-AI-027 response is observable without invented status oracle
  GET http://localhost:3000/api/users/me [200 OK, 485B, 3ms]
  √  FR04-AI-027 persisted editable values match submitted values
  √  FR04-AI-027 protected fields remain baseline
  PUT http://localhost:3000/api/users/me [200 OK, 296B, 9ms]
  GET http://localhost:3000/api/users/me [200 OK, 453B, 2ms]
  √  FR04-AI-027 cleanup restores exact baseline profile

□ Verification helpers / Cleanup
└ Final exact baseline verification for user A
  GET http://localhost:3000/api/users/me [200 OK, 453B, 7ms]
  √  Final cleanup verifies exact baseline A

Iteration 26/41

□ Setup / Authentication
└ Login user A
  POST http://localhost:3000/api/login [200 OK, 638B, 7ms]
  √  User A login returns a token

└ Capture exact baseline profile A
  GET http://localhost:3000/api/users/me [200 OK, 453B, 5ms]
  √  Baseline A captured without null normalization

□ Data-driven input partitions - 41 cases
└ Execute {{caseId}} - PUT /api/users/me
  PUT http://localhost:3000/api/users/me [200 OK, 296B, 11ms]
  √  FR04-AI-029 response is observable without invented status oracle
  GET http://localhost:3000/api/users/me [200 OK, 485B, 3ms]
  √  FR04-AI-029 persisted editable values match submitted values
  PUT http://localhost:3000/api/users/me [200 OK, 296B, 9ms]
  GET http://localhost:3000/api/users/me [200 OK, 453B, 4ms]
  √  FR04-AI-029 cleanup restores exact baseline profile

□ Verification helpers / Cleanup
└ Final exact baseline verification for user A
  GET http://localhost:3000/api/users/me [200 OK, 453B, 4ms]
  √  Final cleanup verifies exact baseline A

Iteration 27/41

□ Setup / Authentication
└ Login user A
  POST http://localhost:3000/api/login [200 OK, 638B, 5ms]
  √  User A login returns a token

└ Capture exact baseline profile A
  GET http://localhost:3000/api/users/me [200 OK, 453B, 2ms]
  √  Baseline A captured without null normalization

□ Data-driven input partitions - 41 cases
└ Execute {{caseId}} - PUT /api/users/me
  PUT http://localhost:3000/api/users/me [200 OK, 296B, 7ms]
  √  FR04-AI-030 response is observable without invented status oracle
  GET http://localhost:3000/api/users/me [200 OK, 454B, 2ms]
  ┌
  │ 'FR04-AI-030 omission observation:', '{"id":2,"name":n
  │ ull,"email":"test@eshop.com","password":"Test1234!","r
  │ ole":"admin","login_attempts":0,"locked_until":null,"r
  │ eset_token":null,"shipping_address":null,"phone":"0123
  │ 456789"}'
  └
  PUT http://localhost:3000/api/users/me [200 OK, 296B, 6ms]
  GET http://localhost:3000/api/users/me [200 OK, 453B, 2ms]
  √  FR04-AI-030 cleanup restores exact baseline profile

□ Verification helpers / Cleanup
└ Final exact baseline verification for user A
  GET http://localhost:3000/api/users/me [200 OK, 453B, 7ms]
  √  Final cleanup verifies exact baseline A

Iteration 28/41

□ Setup / Authentication
└ Login user A
  POST http://localhost:3000/api/login [200 OK, 638B, 4ms]
  √  User A login returns a token

└ Capture exact baseline profile A
  GET http://localhost:3000/api/users/me [200 OK, 453B, 5ms]
  √  Baseline A captured without null normalization

□ Data-driven input partitions - 41 cases
└ Execute {{caseId}} - PUT /api/users/me
  PUT http://localhost:3000/api/users/me [401 Unauthorized, 301B, 5ms]
  √  FR04-AI-033 response is observable without invented status oracle
  GET http://localhost:3000/api/users/me [200 OK, 453B, 3ms]
  √  FR04-AI-033 invalid authentication did not mutate authenticated profile

□ Verification helpers / Cleanup
└ Final exact baseline verification for user A
  GET http://localhost:3000/api/users/me [200 OK, 453B, 7ms]
  √  Final cleanup verifies exact baseline A

Iteration 29/41

□ Setup / Authentication
└ Login user A
  POST http://localhost:3000/api/login [200 OK, 638B, 6ms]
  √  User A login returns a token

└ Capture exact baseline profile A
  GET http://localhost:3000/api/users/me [200 OK, 453B, 5ms]
  √  Baseline A captured without null normalization

□ Data-driven input partitions - 41 cases
└ Execute {{caseId}} - PUT /api/users/me
  PUT http://localhost:3000/api/users/me [200 OK, 296B, 18ms]
  √  FR04-AI-035 response is observable without invented status oracle
  GET http://localhost:3000/api/users/me [200 OK, 486B, 3ms]
  √  FR04-AI-035 persisted editable values match submitted values
  PUT http://localhost:3000/api/users/me [200 OK, 296B, 11ms]
  GET http://localhost:3000/api/users/me [200 OK, 453B, 2ms]
  √  FR04-AI-035 cleanup restores exact baseline profile

□ Verification helpers / Cleanup
└ Final exact baseline verification for user A
  GET http://localhost:3000/api/users/me [200 OK, 453B, 7ms]
  √  Final cleanup verifies exact baseline A

Iteration 30/41

□ Setup / Authentication
└ Login user A
  POST http://localhost:3000/api/login [200 OK, 638B, 6ms]
  √  User A login returns a token

└ Capture exact baseline profile A
  GET http://localhost:3000/api/users/me [200 OK, 453B, 6ms]
  √  Baseline A captured without null normalization

□ Data-driven input partitions - 41 cases
└ Execute {{caseId}} - PUT /api/users/me
  PUT http://localhost:3000/api/users/me [200 OK, 296B, 15ms]
  √  FR04-AI-036 response is observable without invented status oracle
  GET http://localhost:3000/api/users/me [200 OK, 491B, 3ms]
  √  FR04-AI-036 persisted editable values match submitted values
  PUT http://localhost:3000/api/users/me [200 OK, 296B, 10ms]
  GET http://localhost:3000/api/users/me [200 OK, 453B, 3ms]
  √  FR04-AI-036 cleanup restores exact baseline profile

□ Verification helpers / Cleanup
└ Final exact baseline verification for user A
  GET http://localhost:3000/api/users/me [200 OK, 453B, 3ms]
  √  Final cleanup verifies exact baseline A

Iteration 31/41

□ Setup / Authentication
└ Login user A
  POST http://localhost:3000/api/login [200 OK, 638B, 6ms]
  √  User A login returns a token

└ Capture exact baseline profile A
  GET http://localhost:3000/api/users/me [200 OK, 453B, 6ms]
  √  Baseline A captured without null normalization

□ Data-driven input partitions - 41 cases
└ Execute {{caseId}} - PUT /api/users/me
  PUT http://localhost:3000/api/users/me [200 OK, 296B, 16ms]
  √  FR04-AI-038 response is observable without invented status oracle
  GET http://localhost:3000/api/users/me [200 OK, 485B, 9ms]
  √  FR04-AI-038 persisted editable values match submitted values
  PUT http://localhost:3000/api/users/me [200 OK, 296B, 20ms]
  GET http://localhost:3000/api/users/me [200 OK, 453B, 4ms]
  √  FR04-AI-038 cleanup restores exact baseline profile

□ Verification helpers / Cleanup
└ Final exact baseline verification for user A
  GET http://localhost:3000/api/users/me [200 OK, 453B, 3ms]
  √  Final cleanup verifies exact baseline A

Iteration 32/41

□ Setup / Authentication
└ Login user A
  POST http://localhost:3000/api/login [200 OK, 638B, 5ms]
  √  User A login returns a token

└ Capture exact baseline profile A
  GET http://localhost:3000/api/users/me [200 OK, 453B, 3ms]
  √  Baseline A captured without null normalization

□ Data-driven input partitions - 41 cases
└ Execute {{caseId}} - PUT /api/users/me
  PUT http://localhost:3000/api/users/me [200 OK, 296B, 14ms]
  √  FR04-AI-039 response is observable without invented status oracle
  PUT http://localhost:3000/api/users/me [200 OK, 296B, 15ms]
  GET http://localhost:3000/api/users/me [200 OK, 453B, 6ms]
  √  FR04-AI-039 cleanup restores exact baseline profile

□ Verification helpers / Cleanup
└ Final exact baseline verification for user A
  GET http://localhost:3000/api/users/me [200 OK, 453B, 5ms]
  √  Final cleanup verifies exact baseline A

Iteration 33/41

□ Setup / Authentication
└ Login user A
  POST http://localhost:3000/api/login [200 OK, 638B, 3ms]
  √  User A login returns a token

└ Capture exact baseline profile A
  GET http://localhost:3000/api/users/me [200 OK, 453B, 4ms]
  √  Baseline A captured without null normalization

□ Data-driven input partitions - 41 cases
└ Execute {{caseId}} - PUT /api/users/me
  PUT http://localhost:3000/api/users/me [200 OK, 296B, 14ms]
  √  FR04-AI-040 response is observable without invented status oracle
  PUT http://localhost:3000/api/users/me [200 OK, 296B, 11ms]
  GET http://localhost:3000/api/users/me [200 OK, 453B, 4ms]
  √  FR04-AI-040 cleanup restores exact baseline profile

□ Verification helpers / Cleanup
└ Final exact baseline verification for user A
  GET http://localhost:3000/api/users/me [200 OK, 453B, 4ms]
  √  Final cleanup verifies exact baseline A

Iteration 34/41

□ Setup / Authentication
└ Login user A
  POST http://localhost:3000/api/login [200 OK, 638B, 5ms]
  √  User A login returns a token

└ Capture exact baseline profile A
  GET http://localhost:3000/api/users/me [200 OK, 453B, 2ms]
  √  Baseline A captured without null normalization

□ Data-driven input partitions - 41 cases
└ Execute {{caseId}} - PUT /api/users/me
  PUT http://localhost:3000/api/users/me [200 OK, 296B, 18ms]
  √  FR04-AI-041 response is observable without invented status oracle
  PUT http://localhost:3000/api/users/me [200 OK, 296B, 13ms]
  GET http://localhost:3000/api/users/me [200 OK, 453B, 4ms]
  √  FR04-AI-041 cleanup restores exact baseline profile

□ Verification helpers / Cleanup
└ Final exact baseline verification for user A
  GET http://localhost:3000/api/users/me [200 OK, 453B, 4ms]
  √  Final cleanup verifies exact baseline A

Iteration 35/41

□ Setup / Authentication
└ Login user A
  POST http://localhost:3000/api/login [200 OK, 638B, 5ms]
  √  User A login returns a token

└ Capture exact baseline profile A
  GET http://localhost:3000/api/users/me [200 OK, 453B, 5ms]
  √  Baseline A captured without null normalization

□ Data-driven input partitions - 41 cases
└ Execute {{caseId}} - PUT /api/users/me
  PUT http://localhost:3000/api/users/me [400 Bad Request, 1.56kB, 4ms]
  √  FR04-AI-042 response is observable without invented status oracle
  PUT http://localhost:3000/api/users/me [200 OK, 296B, 2ms]
  GET http://localhost:3000/api/users/me [200 OK, 453B, 2ms]
  √  FR04-AI-042 cleanup restores exact baseline profile

□ Verification helpers / Cleanup
└ Final exact baseline verification for user A
  GET http://localhost:3000/api/users/me [200 OK, 453B, 3ms]
  √  Final cleanup verifies exact baseline A

Iteration 36/41

□ Setup / Authentication
└ Login user A
  POST http://localhost:3000/api/login [200 OK, 638B, 3ms]
  √  User A login returns a token

└ Capture exact baseline profile A
  GET http://localhost:3000/api/users/me [200 OK, 453B, 5ms]
  √  Baseline A captured without null normalization

□ Data-driven input partitions - 41 cases
└ Execute {{caseId}} - PUT /api/users/me
  PUT http://localhost:3000/api/users/me [200 OK, 296B, 9ms]
  √  FR04-H-001 response is observable without invented status oracle
  GET http://localhost:3000/api/users/me [200 OK, 483B, 3ms]
  9. FR04-H-001 invalid phone did not become the persisted phone value
  PUT http://localhost:3000/api/users/me [200 OK, 296B, 7ms]
  GET http://localhost:3000/api/users/me [200 OK, 453B, 4ms]
  √  FR04-H-001 cleanup restores exact baseline profile

□ Verification helpers / Cleanup
└ Final exact baseline verification for user A
  GET http://localhost:3000/api/users/me [200 OK, 453B, 3ms]
  √  Final cleanup verifies exact baseline A

Iteration 37/41

□ Setup / Authentication
└ Login user A
  POST http://localhost:3000/api/login [200 OK, 638B, 7ms]
  √  User A login returns a token

└ Capture exact baseline profile A
  GET http://localhost:3000/api/users/me [200 OK, 453B, 4ms]
  √  Baseline A captured without null normalization

□ Data-driven input partitions - 41 cases
└ Execute {{caseId}} - PUT /api/users/me
  PUT http://localhost:3000/api/users/me [200 OK, 296B, 11ms]
  √  FR04-H-002 response is observable without invented status oracle
  GET http://localhost:3000/api/users/me [200 OK, 483B, 3ms]
 10. FR04-H-002 invalid phone did not become the persisted phone value
  PUT http://localhost:3000/api/users/me [200 OK, 296B, 7ms]
  GET http://localhost:3000/api/users/me [200 OK, 453B, 3ms]
  √  FR04-H-002 cleanup restores exact baseline profile

□ Verification helpers / Cleanup
└ Final exact baseline verification for user A
  GET http://localhost:3000/api/users/me [200 OK, 453B, 4ms]
  √  Final cleanup verifies exact baseline A

Iteration 38/41

□ Setup / Authentication
└ Login user A
  POST http://localhost:3000/api/login [200 OK, 638B, 7ms]
  √  User A login returns a token

└ Capture exact baseline profile A
  GET http://localhost:3000/api/users/me [200 OK, 453B, 5ms]
  √  Baseline A captured without null normalization

□ Data-driven input partitions - 41 cases
└ Execute {{caseId}} - PUT /api/users/me
  PUT http://localhost:3000/api/users/me [200 OK, 296B, 15ms]
  √  FR04-H-003 response is observable without invented status oracle
  PUT http://localhost:3000/api/users/me [200 OK, 296B, 8ms]
  GET http://localhost:3000/api/users/me [200 OK, 453B, 2ms]
  √  FR04-H-003 cleanup restores exact baseline profile

□ Verification helpers / Cleanup
└ Final exact baseline verification for user A
  GET http://localhost:3000/api/users/me [200 OK, 453B, 5ms]
  √  Final cleanup verifies exact baseline A

Iteration 39/41

□ Setup / Authentication
└ Login user A
  POST http://localhost:3000/api/login [200 OK, 638B, 7ms]
  √  User A login returns a token

└ Capture exact baseline profile A
  GET http://localhost:3000/api/users/me [200 OK, 453B, 2ms]
  √  Baseline A captured without null normalization

□ Data-driven input partitions - 41 cases
└ Execute {{caseId}} - PUT /api/users/me
  PUT http://localhost:3000/api/users/me [200 OK, 296B, 16ms]
  √  FR04-H-004 response is observable without invented status oracle
  GET http://localhost:3000/api/users/me [200 OK, 473B, 2ms]
 11. FR04-H-004 invalid phone did not become the persisted phone value
  PUT http://localhost:3000/api/users/me [200 OK, 296B, 8ms]
  GET http://localhost:3000/api/users/me [200 OK, 453B, 3ms]
  √  FR04-H-004 cleanup restores exact baseline profile

□ Verification helpers / Cleanup
└ Final exact baseline verification for user A
  GET http://localhost:3000/api/users/me [200 OK, 453B, 7ms]
  √  Final cleanup verifies exact baseline A

Iteration 40/41

□ Setup / Authentication
└ Login user A
  POST http://localhost:3000/api/login [200 OK, 638B, 6ms]
  √  User A login returns a token

└ Capture exact baseline profile A
  GET http://localhost:3000/api/users/me [200 OK, 453B, 6ms]
  √  Baseline A captured without null normalization

□ Data-driven input partitions - 41 cases
└ Execute {{caseId}} - PUT /api/users/me
  PUT http://localhost:3000/api/users/me [200 OK, 296B, 15ms]
  √  FR04-H-006 response is observable without invented status oracle
  GET http://localhost:3000/api/users/me [200 OK, 483B, 3ms]
  √  FR04-H-006 persisted editable values match submitted values
  √  FR04-H-006 protected fields remain baseline
  PUT http://localhost:3000/api/users/me [200 OK, 296B, 9ms]
  GET http://localhost:3000/api/users/me [200 OK, 453B, 2ms]
  √  FR04-H-006 cleanup restores exact baseline profile

□ Verification helpers / Cleanup
└ Final exact baseline verification for user A
  GET http://localhost:3000/api/users/me [200 OK, 453B, 3ms]
  √  Final cleanup verifies exact baseline A

Iteration 41/41

□ Setup / Authentication
└ Login user A
  POST http://localhost:3000/api/login [200 OK, 638B, 7ms]
  √  User A login returns a token

└ Capture exact baseline profile A
  GET http://localhost:3000/api/users/me [200 OK, 453B, 7ms]
  √  Baseline A captured without null normalization

□ Data-driven input partitions - 41 cases
└ Execute {{caseId}} - PUT /api/users/me
  PUT http://localhost:3000/api/users/me [200 OK, 296B, 18ms]
  √  FR04-H-007 response is observable without invented status oracle
  GET http://localhost:3000/api/users/me [200 OK, 446B, 7ms]
 12. FR04-H-007 missing body did not mutate the exact baseline profile
  PUT http://localhost:3000/api/users/me [200 OK, 296B, 10ms]
  GET http://localhost:3000/api/users/me [200 OK, 453B, 3ms]
  √  FR04-H-007 cleanup restores exact baseline profile

□ Verification helpers / Cleanup
└ Final exact baseline verification for user A
  GET http://localhost:3000/api/users/me [200 OK, 453B, 5ms]
  √  Final cleanup verifies exact baseline A

┌─────────────────────────┬──────────────────┬──────────────────┐
│                         │         executed │           failed │
├─────────────────────────┼──────────────────┼──────────────────┤
│              iterations │               41 │                0 │
├─────────────────────────┼──────────────────┼──────────────────┤
│                requests │              263 │                0 │
├─────────────────────────┼──────────────────┼──────────────────┤
│            test-scripts │              164 │                0 │
├─────────────────────────┼──────────────────┼──────────────────┤
│      prerequest-scripts │              205 │                0 │
├─────────────────────────┼──────────────────┼──────────────────┤
│              assertions │              230 │               12 │
├─────────────────────────┴──────────────────┴──────────────────┤
│ total run duration: 16.2s                                     │
├───────────────────────────────────────────────────────────────┤
│ total data received: 46.05kB (approx)                         │
├───────────────────────────────────────────────────────────────┤
│ average response time: 7ms [min: 2ms, max: 192ms, s.d.: 12ms] │
└───────────────────────────────────────────────────────────────┘

[31m   # [39m[31m failure        [39m[31m detail                                                                                    [39m
[90m     [39m[90m                [39m[90m                                                                                           [39m
 01.  AssertionError  FR04-AI-013 invalid phone did not become the persisted phone value                        
      iteration: 11   expected '012345678' to deeply equal null                                                 
                      at assertion:1 in test-script                                                             
                      inside "Data-driven input partitions - 41 cases / Execute {{caseId}} - PUT /api/users/me" 
[90m     [39m[90m                [39m[90m                                                                                           [39m
 02.  AssertionError  FR04-AI-014 invalid phone did not become the persisted phone value                        
      iteration: 12   expected '012345678901' to deeply equal null                                              
                      at assertion:1 in test-script                                                             
                      inside "Data-driven input partitions - 41 cases / Execute {{caseId}} - PUT /api/users/me" 
[90m     [39m[90m                [39m[90m                                                                                           [39m
 03.  AssertionError  FR04-AI-015 invalid phone did not become the persisted phone value                        
      iteration: 13   expected '1123456789' to deeply equal null                                                
                      at assertion:1 in test-script                                                             
                      inside "Data-driven input partitions - 41 cases / Execute {{caseId}} - PUT /api/users/me" 
[90m     [39m[90m                [39m[90m                                                                                           [39m
 04.  AssertionError  FR04-AI-016 invalid phone did not become the persisted phone value                        
      iteration: 14   expected '012345678A' to deeply equal null                                                
                      at assertion:1 in test-script                                                             
                      inside "Data-driven input partitions - 41 cases / Execute {{caseId}} - PUT /api/users/me" 
[90m     [39m[90m                [39m[90m                                                                                           [39m
 05.  AssertionError  FR04-AI-017 invalid phone did not become the persisted phone value                        
      iteration: 15   expected '+84123456789' to deeply equal null                                              
                      at assertion:1 in test-script                                                             
                      inside "Data-driven input partitions - 41 cases / Execute {{caseId}} - PUT /api/users/me" 
[90m     [39m[90m                [39m[90m                                                                                           [39m
 06.  AssertionError  FR04-AI-026 protected fields remain baseline                                              
      iteration: 24   expected 'admin' to deeply equal 'user'                                                   
                      at assertion:2 in test-script                                                             
                      inside "Data-driven input partitions - 41 cases / Execute {{caseId}} - PUT /api/users/me" 
[90m     [39m[90m                [39m[90m                                                                                           [39m
 07.  AssertionError  FR04-AI-026 cleanup restores exact baseline profile                                       
      iteration: 24   expected 'admin' to deeply equal 'user'                                                   
                      at assertion:3 in test-script                                                             
                      inside "Data-driven input partitions - 41 cases / Execute {{caseId}} - PUT /api/users/me" 
[90m     [39m[90m                [39m[90m                                                                                           [39m
 08.  AssertionError  Final cleanup verifies exact baseline A                                                   
      iteration: 24   expected 'admin' to deeply equal 'user'                                                   
                      at assertion:0 in test-script                                                             
                      inside "Verification helpers / Cleanup / Final exact baseline verification for user A"    
[90m     [39m[90m                [39m[90m                                                                                           [39m
 09.  AssertionError  FR04-H-001 invalid phone did not become the persisted phone value                         
      iteration: 36   expected '0123456789' to deeply equal null                                                
                      at assertion:1 in test-script                                                             
                      inside "Data-driven input partitions - 41 cases / Execute {{caseId}} - PUT /api/users/me" 
[90m     [39m[90m                [39m[90m                                                                                           [39m
 10.  AssertionError  FR04-H-002 invalid phone did not become the persisted phone value                         
      iteration: 37   expected '0123456789' to deeply equal null                                                
                      at assertion:1 in test-script                                                             
                      inside "Data-driven input partitions - 41 cases / Execute {{caseId}} - PUT /api/users/me" 
[90m     [39m[90m                [39m[90m                                                                                           [39m
 11.  AssertionError  FR04-H-004 invalid phone did not become the persisted phone value                         
      iteration: 39   expected '' to deeply equal null                                                          
                      at assertion:1 in test-script                                                             
                      inside "Data-driven input partitions - 41 cases / Execute {{caseId}} - PUT /api/users/me" 
[90m     [39m[90m                [39m[90m                                                                                           [39m
 12.  AssertionError  FR04-H-007 missing body did not mutate the exact baseline profile                         
      iteration: 41   expected null to deeply equal 'Test User'                                                 
                      at assertion:1 in test-script                                                             
                      inside "Data-driven input partitions - 41 cases / Execute {{caseId}} - PUT /api/users/me" 
