newman

HW06 FR-04 Personal Profile Management - Input Partitions

❏ Setup / Authentication
↳ Login user A
  POST http://localhost:3000/api/login [200 OK, 635B, 20ms]
  ✓  User A login returns a token

↳ Capture exact baseline profile A
  GET http://localhost:3000/api/users/me [200 OK, 452B, 3ms]
  ✓  Baseline A captured without null normalization

❏ Data-driven input partitions - 41 cases
↳ Execute {{caseId}} - PUT /api/users/me
  ┌
  │ 'FR04-AI-027 submitted stimulus: {"name":"FR04 FR04-AI
  │ -027","shipping_address":"Address FR04-AI-027","phone"
  │ :"0123456789","email":"changed-FR04-AI-027@example.tes
  │ t","role":"admin"}'
  └
  PUT http://localhost:3000/api/users/me [200 OK, 296B, 74ms]
  ✓  FR04-AI-027 response is observable without invented status oracle
  GET http://localhost:3000/api/users/me [200 OK, 485B, 8ms]
  ✓  FR04-AI-027 persisted editable values match submitted values
  1. FR04-AI-027 protected fields remain baseline
  PUT http://localhost:3000/api/users/me [200 OK, 296B, 11ms]
  GET http://localhost:3000/api/users/me [200 OK, 453B, 2ms]
  2. FR04-AI-027 cleanup restores exact baseline profile

❏ Verification helpers / Cleanup
↳ Final exact baseline verification for user A
  GET http://localhost:3000/api/users/me [200 OK, 453B, 2ms]
  3. Final cleanup verifies exact baseline A

┌─────────────────────────┬──────────────────┬──────────────────┐
│                         │         executed │           failed │
├─────────────────────────┼──────────────────┼──────────────────┤
│              iterations │                1 │                0 │
├─────────────────────────┼──────────────────┼──────────────────┤
│                requests │                7 │                0 │
├─────────────────────────┼──────────────────┼──────────────────┤
│            test-scripts │                4 │                0 │
├─────────────────────────┼──────────────────┼──────────────────┤
│      prerequest-scripts │                5 │                0 │
├─────────────────────────┼──────────────────┼──────────────────┤
│              assertions │                7 │                3 │
├─────────────────────────┴──────────────────┴──────────────────┤
│ total run duration: 210ms                                     │
├───────────────────────────────────────────────────────────────┤
│ total data received: 1.2kB (approx)                           │
├───────────────────────────────────────────────────────────────┤
│ average response time: 17ms [min: 2ms, max: 74ms, s.d.: 23ms] │
└───────────────────────────────────────────────────────────────┘

  #  failure         detail                                                                                    
                                                                                                               
 1.  AssertionError  FR04-AI-027 protected fields remain baseline                                              
                     expected 'admin' to deeply equal 'user'                                                   
                     at assertion:2 in test-script                                                             
                     inside "Data-driven input partitions - 41 cases / Execute {{caseId}} - PUT /api/users/me" 
                                                                                                               
 2.  AssertionError  FR04-AI-027 cleanup restores exact baseline profile                                       
                     expected 'admin' to deeply equal 'user'                                                   
                     at assertion:3 in test-script                                                             
                     inside "Data-driven input partitions - 41 cases / Execute {{caseId}} - PUT /api/users/me" 
                                                                                                               
 3.  AssertionError  Final cleanup verifies exact baseline A                                                   
                     expected 'admin' to deeply equal 'user'                                                   
                     at assertion:0 in test-script                                                             
                     inside "Verification helpers / Cleanup / Final exact baseline verification for user A"    
