newman

HW06 FR-04 Personal Profile Management - Input Partitions

Iteration 1/2

□ Setup / Authentication
└ Login user A
  POST http://localhost:3000/api/login [200 OK, 635B, 102ms]
  √  User A login returns a token

└ Capture exact baseline profile A
  GET http://localhost:3000/api/users/me [200 OK, 452B, 20ms]
  √  Baseline A captured without null normalization

□ Data-driven input partitions - 41 cases
└ Execute {{caseId}} - PUT /api/users/me
  PUT http://localhost:3000/api/users/me [200 OK, 296B, 29ms]
  √  FR04-AI-013 response is observable without invented status oracle
  GET http://localhost:3000/api/users/me [200 OK, 483B, 11ms]
  1. FR04-AI-013 invalid phone did not become the persisted phone value
  PUT http://localhost:3000/api/users/me [200 OK, 296B, 33ms]
  GET http://localhost:3000/api/users/me [200 OK, 452B, 12ms]
  √  FR04-AI-013 cleanup restores exact baseline profile

□ Verification helpers / Cleanup
└ Final exact baseline verification for user A
  GET http://localhost:3000/api/users/me [200 OK, 452B, 11ms]
  √  Final cleanup verifies exact baseline A

Iteration 2/2

□ Setup / Authentication
└ Login user A
  POST http://localhost:3000/api/login [200 OK, 635B, 15ms]
  √  User A login returns a token

└ Capture exact baseline profile A
  GET http://localhost:3000/api/users/me [200 OK, 452B, 15ms]
  √  Baseline A captured without null normalization

□ Data-driven input partitions - 41 cases
└ Execute {{caseId}} - PUT /api/users/me
  PUT http://localhost:3000/api/users/me [200 OK, 296B, 27ms]
  √  FR04-H-004 response is observable without invented status oracle
  GET http://localhost:3000/api/users/me [200 OK, 472B, 11ms]
  2. FR04-H-004 invalid phone did not become the persisted phone value
  PUT http://localhost:3000/api/users/me [200 OK, 296B, 30ms]
  GET http://localhost:3000/api/users/me [200 OK, 452B, 11ms]
  √  FR04-H-004 cleanup restores exact baseline profile

□ Verification helpers / Cleanup
└ Final exact baseline verification for user A
  GET http://localhost:3000/api/users/me [200 OK, 452B, 9ms]
  √  Final cleanup verifies exact baseline A

┌─────────────────────────┬───────────────────┬──────────────────┐
│                         │          executed │           failed │
├─────────────────────────┼───────────────────┼──────────────────┤
│              iterations │                 2 │                0 │
├─────────────────────────┼───────────────────┼──────────────────┤
│                requests │                14 │                0 │
├─────────────────────────┼───────────────────┼──────────────────┤
│            test-scripts │                 8 │                0 │
├─────────────────────────┼───────────────────┼──────────────────┤
│      prerequest-scripts │                10 │                0 │
├─────────────────────────┼───────────────────┼──────────────────┤
│              assertions │                12 │                2 │
├─────────────────────────┴───────────────────┴──────────────────┤
│ total run duration: 992ms                                      │
├────────────────────────────────────────────────────────────────┤
│ total data received: 2.37kB (approx)                           │
├────────────────────────────────────────────────────────────────┤
│ average response time: 24ms [min: 9ms, max: 102ms, s.d.: 23ms] │
└────────────────────────────────────────────────────────────────┘

[31m  # [39m[31m failure        [39m[31m detail                                                                                    [39m
[90m    [39m[90m                [39m[90m                                                                                           [39m
 1.  AssertionError  FR04-AI-013 invalid phone did not become the persisted phone value                        
     iteration: 1    expected '012345678' to deeply equal null                                                 
                     at assertion:1 in test-script                                                             
                     inside "Data-driven input partitions - 41 cases / Execute {{caseId}} - PUT /api/users/me" 
[90m    [39m[90m                [39m[90m                                                                                           [39m
 2.  AssertionError  FR04-H-004 invalid phone did not become the persisted phone value                         
     iteration: 2    expected '' to deeply equal null                                                          
                     at assertion:1 in test-script                                                             
                     inside "Data-driven input partitions - 41 cases / Execute {{caseId}} - PUT /api/users/me" 
