newman

HW06 FR-04 Personal Profile Management - Input Partitions

Iteration 1/3

□ Setup / Authentication
└ Login user A
  POST http://localhost:3000/api/login [200 OK, 635B, 81ms]
  √  User A login returns a token

└ Capture exact baseline profile A
  GET http://localhost:3000/api/users/me [200 OK, 452B, 14ms]
  √  Baseline A captured without null normalization

□ Data-driven input partitions - 41 cases
└ Execute {{caseId}} - PUT /api/users/me
  ┌
  │ 'FR04-H-001 submitted stimulus: {"name":"FR04 FR04-H-0
  │ 01","shipping_address":"Address FR04-H-001","phone":12
  │ 34567890}'
  └
  PUT http://localhost:3000/api/users/me [200 OK, 296B, 26ms]
  √  FR04-H-001 response is observable without invented status oracle
  GET http://localhost:3000/api/users/me [200 OK, 482B, 10ms]
  ┌
  │ 'FR04-H-001 wrong-type observation:', '{"id":2,"name":
  │ "FR04 FR04-H-001","email":"test@eshop.com","password":
  │ "Test1234!","role":"user","login_attempts":0,"locked_u
  │ ntil":null,"reset_token":null,"shipping_address":"Addr
  │ ess FR04-H-001","phone":"1234567890"}'
  └
  PUT http://localhost:3000/api/users/me [200 OK, 296B, 25ms]
  GET http://localhost:3000/api/users/me [200 OK, 452B, 11ms]
  √  FR04-H-001 cleanup restores exact baseline profile

□ Verification helpers / Cleanup
└ Final exact baseline verification for user A
  GET http://localhost:3000/api/users/me [200 OK, 452B, 9ms]
  √  Final cleanup verifies exact baseline A

Iteration 2/3

□ Setup / Authentication
└ Login user A
  POST http://localhost:3000/api/login [200 OK, 635B, 16ms]
  √  User A login returns a token

└ Capture exact baseline profile A
  GET http://localhost:3000/api/users/me [200 OK, 452B, 14ms]
  √  Baseline A captured without null normalization

□ Data-driven input partitions - 41 cases
└ Execute {{caseId}} - PUT /api/users/me
  ┌
  │ 'FR04-H-002 submitted stimulus: {"name":"FR04 FR04-H-0
  │ 02","shipping_address":"Address FR04-H-002","phone":nu
  │ ll}'
  └
  PUT http://localhost:3000/api/users/me [200 OK, 296B, 27ms]
  √  FR04-H-002 response is observable without invented status oracle
  GET http://localhost:3000/api/users/me [200 OK, 474B, 14ms]
  ┌
  │ 'FR04-H-002 wrong-type observation:', '{"id":2,"name":
  │ "FR04 FR04-H-002","email":"test@eshop.com","password":
  │ "Test1234!","role":"user","login_attempts":0,"locked_u
  │ ntil":null,"reset_token":null,"shipping_address":"Addr
  │ ess FR04-H-002","phone":null}'
  └
  PUT http://localhost:3000/api/users/me [200 OK, 296B, 27ms]
  GET http://localhost:3000/api/users/me [200 OK, 452B, 12ms]
  √  FR04-H-002 cleanup restores exact baseline profile

□ Verification helpers / Cleanup
└ Final exact baseline verification for user A
  GET http://localhost:3000/api/users/me [200 OK, 452B, 15ms]
  √  Final cleanup verifies exact baseline A

Iteration 3/3

□ Setup / Authentication
└ Login user A
  POST http://localhost:3000/api/login [200 OK, 635B, 17ms]
  √  User A login returns a token

└ Capture exact baseline profile A
  GET http://localhost:3000/api/users/me [200 OK, 452B, 7ms]
  √  Baseline A captured without null normalization

□ Data-driven input partitions - 41 cases
└ Execute {{caseId}} - PUT /api/users/me
  ┌
  │ 'FR04-H-003 submitted stimulus: {"name":"FR04 FR04-H-0
  │ 03","shipping_address":["wrong","type"],"phone":"01234
  │ 56789"}'
  └
  PUT http://localhost:3000/api/users/me [200 OK, 296B, 26ms]
  √  FR04-H-003 response is observable without invented status oracle
  GET http://localhost:3000/api/users/me [200 OK, 479B, 7ms]
  ┌
  │ 'FR04-H-003 wrong-type observation:', '{"id":2,"name":
  │ "FR04 FR04-H-003","email":"test@eshop.com","password":
  │ "Test1234!","role":"user","login_attempts":0,"locked_u
  │ ntil":null,"reset_token":null,"shipping_address":"[obj
  │ ect Object]","phone":"0123456789"}'
  └
  PUT http://localhost:3000/api/users/me [200 OK, 296B, 28ms]
  GET http://localhost:3000/api/users/me [200 OK, 452B, 9ms]
  √  FR04-H-003 cleanup restores exact baseline profile

□ Verification helpers / Cleanup
└ Final exact baseline verification for user A
  GET http://localhost:3000/api/users/me [200 OK, 452B, 7ms]
  √  Final cleanup verifies exact baseline A

┌─────────────────────────┬──────────────────┬──────────────────┐
│                         │         executed │           failed │
├─────────────────────────┼──────────────────┼──────────────────┤
│              iterations │                3 │                0 │
├─────────────────────────┼──────────────────┼──────────────────┤
│                requests │               21 │                0 │
├─────────────────────────┼──────────────────┼──────────────────┤
│            test-scripts │               12 │                0 │
├─────────────────────────┼──────────────────┼──────────────────┤
│      prerequest-scripts │               15 │                0 │
├─────────────────────────┼──────────────────┼──────────────────┤
│              assertions │               15 │                0 │
├─────────────────────────┴──────────────────┴──────────────────┤
│ total run duration: 1537ms                                    │
├───────────────────────────────────────────────────────────────┤
│ total data received: 3.56kB (approx)                          │
├───────────────────────────────────────────────────────────────┤
│ average response time: 19ms [min: 7ms, max: 81ms, s.d.: 15ms] │
└───────────────────────────────────────────────────────────────┘
